Component: ARM Compiler 5.06 update 6 (build 750) Tool: armlink [4d35ed]

==============================================================================

Section Cross References

    startup_stm32g431xx.o(RESET) refers to startup_stm32g431xx.o(STACK) for __initial_sp
    startup_stm32g431xx.o(RESET) refers to startup_stm32g431xx.o(.text) for Reset_Handler
    startup_stm32g431xx.o(RESET) refers to stm32g4xx_it.o(i.NMI_Handler) for NMI_Handler
    startup_stm32g431xx.o(RESET) refers to stm32g4xx_it.o(i.HardFault_Handler) for HardFault_Handler
    startup_stm32g431xx.o(RESET) refers to stm32g4xx_it.o(i.MemManage_Handler) for MemManage_Handler
    startup_stm32g431xx.o(RESET) refers to stm32g4xx_it.o(i.BusFault_Handler) for BusFault_Handler
    startup_stm32g431xx.o(RESET) refers to stm32g4xx_it.o(i.UsageFault_Handler) for UsageFault_Handler
    startup_stm32g431xx.o(RESET) refers to port.o(.emb_text) for SVC_Handler
    startup_stm32g431xx.o(RESET) refers to stm32g4xx_it.o(i.DebugMon_Handler) for DebugMon_Handler
    startup_stm32g431xx.o(RESET) refers to delay.o(i.SysTick_Handler) for SysTick_Handler
    startup_stm32g431xx.o(RESET) refers to stm32g4xx_it.o(i.USART2_IRQHandler) for USART2_IRQHandler
    startup_stm32g431xx.o(.text) refers to system_stm32g4xx.o(i.SystemInit) for SystemInit
    startup_stm32g431xx.o(.text) refers to entry.o(.ARM.Collect$$$$00000000) for __main
    main.o(i.SystemClock_Config) refers to main.o(i.LL_RCC_SetAHBPrescaler) for LL_RCC_SetAHBPrescaler
    main.o(i.SystemClock_Config) refers to stm32g4xx_ll_utils.o(i.LL_Init1msTick) for LL_Init1msTick
    main.o(i.SystemClock_Config) refers to stm32g4xx_ll_utils.o(i.LL_SetSystemCoreClock) for LL_SetSystemCoreClock
    main.o(i.Task_1) refers to tasks.o(i.vTaskDelay) for vTaskDelay
    main.o(i.Task_2) refers to drv_adc.o(i.Get_ADC) for Get_ADC
    main.o(i.Task_2) refers to tasks.o(i.vTaskDelay) for vTaskDelay
    main.o(i.Task_2) refers to drv_adc.o(.data) for AdcValue
    main.o(i.main) refers to main.o(i.SystemClock_Config) for SystemClock_Config
    main.o(i.main) refers to delay.o(i.delay_init) for delay_init
    main.o(i.main) refers to drv_led.o(i.Drv_LED_Init) for Drv_LED_Init
    main.o(i.main) refers to drv_adc.o(i.Drv_AdcInit) for Drv_AdcInit
    main.o(i.main) refers to tasks.o(i.xTaskCreate) for xTaskCreate
    main.o(i.main) refers to tasks.o(i.vTaskStartScheduler) for vTaskStartScheduler
    main.o(i.main) refers to main.o(.data) for .data
    main.o(i.main) refers to main.o(i.start_task) for start_task
    main.o(i.start_task) refers to tasks.o(i.xTaskCreate) for xTaskCreate
    main.o(i.start_task) refers to tasks.o(i.vTaskDelete) for vTaskDelete
    main.o(i.start_task) refers to port.o(i.vPortExitCritical) for vPortExitCritical
    main.o(i.start_task) refers to main.o(.data) for .data
    main.o(i.start_task) refers to main.o(i.Task_1) for Task_1
    main.o(i.start_task) refers to main.o(i.Task_2) for Task_2
    stm32g4xx_it.o(i.Inc_Tick) refers to stm32g4xx_it.o(.data) for .data
    stm32g4xx_it.o(i.SysTick_GetTick) refers to stm32g4xx_it.o(.data) for .data
    stm32g4xx_it.o(i.USART2_IRQHandler) refers to drv_usart.o(i.Usart2_IRQ) for Usart2_IRQ
    tmh_scheduler.o(i.Loop_1000Hz) refers to tmh_scheduler.o(.bss) for .bss
    tmh_scheduler.o(i.Loop_1000Hz) refers to drv_usart.o(.data) for DT_RxBuffer
    tmh_scheduler.o(i.Loop_1000Hz) refers to tmh_scheduler.o(.data) for .data
    tmh_scheduler.o(i.Loop_20Hz) refers to drv_usart.o(i.Usart2_Send) for Usart2_Send
    tmh_scheduler.o(i.Loop_20Hz) refers to tmh_scheduler.o(.data) for .data
    tmh_scheduler.o(i.Loop_20Hz) refers to drv_usart.o(.bss) for CTxBuffer
    tmh_scheduler.o(i.Loop_2Hz) refers to drv_usart.o(i.Usart2_Send) for Usart2_Send
    tmh_scheduler.o(i.Loop_2Hz) refers to tmh_scheduler.o(.data) for .data
    tmh_scheduler.o(i.Loop_2Hz) refers to tmh_scheduler.o(.bss) for .bss
    tmh_scheduler.o(i.Loop_500Hz) refers to drv_adc.o(i.Get_ADC) for Get_ADC
    tmh_scheduler.o(i.Loop_500Hz) refers to drv_pwm_out.o(i.SetPwm) for SetPwm
    tmh_scheduler.o(i.Loop_500Hz) refers to drv_adc.o(.data) for AdcValue
    tmh_scheduler.o(i.Scheduler_Run) refers to stm32g4xx_it.o(i.SysTick_GetTick) for SysTick_GetTick
    tmh_scheduler.o(i.Scheduler_Run) refers to tmh_scheduler.o(.data) for .data
    tmh_scheduler.o(i.Scheduler_Setup) refers to tmh_scheduler.o(.data) for .data
    tmh_scheduler.o(.data) refers to tmh_scheduler.o(i.Loop_1000Hz) for Loop_1000Hz
    tmh_scheduler.o(.data) refers to tmh_scheduler.o(i.Loop_500Hz) for Loop_500Hz
    tmh_scheduler.o(.data) refers to tmh_scheduler.o(i.Loop_200Hz) for Loop_200Hz
    tmh_scheduler.o(.data) refers to tmh_scheduler.o(i.Loop_100Hz) for Loop_100Hz
    tmh_scheduler.o(.data) refers to tmh_scheduler.o(i.Loop_50Hz) for Loop_50Hz
    tmh_scheduler.o(.data) refers to tmh_scheduler.o(i.Loop_20Hz) for Loop_20Hz
    tmh_scheduler.o(.data) refers to tmh_scheduler.o(i.Loop_2Hz) for Loop_2Hz
[...]
    Removing drv_usart.o(.data), (1 bytes).
    Removing drv_adc.o(.rev16_text), (4 bytes).
    Removing drv_adc.o(.revsh_text), (4 bytes).
    Removing drv_adc.o(.rrx_text), (6 bytes).
    Removing drv_i2c.o(.rev16_text), (4 bytes).
    Removing drv_i2c.o(.revsh_text), (4 bytes).
    Removing drv_i2c.o(.rrx_text), (6 bytes).
    Removing drv_i2c.o(i.Drv_i2c_Init), (64 bytes).
    Removing drv_i2c.o(i.LL_GPIO_IsInputPinSet), (14 bytes).
    Removing drv_i2c.o(i.LL_GPIO_SetPinMode), (38 bytes).
    Removing drv_i2c.o(i.delay_us), (18 bytes).
    Removing drv_i2c.o(i.i2c_read_data), (144 bytes).
    Removing drv_i2c.o(i.i2c_send_ack), (68 bytes).
    Removing drv_i2c.o(i.i2c_send_data), (144 bytes).
    Removing drv_i2c.o(i.i2c_start), (44 bytes).
    Removing drv_i2c.o(i.i2c_stop), (52 bytes).
    Removing drv_i2c.o(i.mpu6050_Read_Reg), (56 bytes).
    Removing drv_i2c.o(i.mpu6050_Write_Reg), (40 bytes).
    Removing drv_mpu6050.o(.rev16_text), (4 bytes).
    Removing drv_mpu6050.o(.revsh_text), (4 bytes).
    Removing drv_mpu6050.o(.rrx_text), (6 bytes).
    Removing drv_mpu6050.o(i.Get_data), (32 bytes).
    Removing drv_mpu6050.o(i.Mpu6050_Original_data_Get), (60 bytes).
    Removing drv_mpu6050.o(i.Mpu6050_init), (138 bytes).
    Removing drv_mpu6050.o(.bss), (84 bytes).
    Removing drv_spi.o(.rev16_text), (4 bytes).
    Removing drv_spi.o(.revsh_text), (4 bytes).
    Removing drv_spi.o(.rrx_text), (6 bytes).
    Removing drv_spi.o(i.Drv_SPI2_Init), (192 bytes).
    Removing drv_spi.o(i.Drv_Spi2_RW), (36 bytes).
    Removing drv_spi.o(i.Drv_Spi2_receive_data), (28 bytes).
    Removing drv_icm20602.o(.rev16_text), (4 bytes).
    Removing drv_icm20602.o(.revsh_text), (4 bytes).
    Removing drv_icm20602.o(.rrx_text), (6 bytes).
    Removing drv_icm20602.o(i.Drv_Icm20602_Data_Get), (112 bytes).
    Removing drv_icm20602.o(i.Drv_icm20602_Init_CS), (68 bytes).
    Removing drv_icm20602.o(i.Drv_icm20602_Reg_Init), (210 bytes).
    Removing drv_icm20602.o(i.icm20602_CS_enable), (20 bytes).
    Removing drv_icm20602.o(i.icm20602_readbuff), (40 bytes).
    Removing drv_icm20602.o(i.icm20602_writebyte), (36 bytes).
    Removing drv_icm20602.o(.bss), (14 bytes).
    Removing system_stm32g4xx.o(.rev16_text), (4 bytes).
    Removing system_stm32g4xx.o(.revsh_text), (4 bytes).
    Removing system_stm32g4xx.o(.rrx_text), (6 bytes).
    Removing system_stm32g4xx.o(i.SystemCoreClockUpdate), (128 bytes).
    Removing system_stm32g4xx.o(.constdata), (16 bytes).
    Removing system_stm32g4xx.o(.constdata), (8 bytes).
    Removing stm32g4xx_ll_adc.o(.rev16_text), (4 bytes).
    Removing stm32g4xx_ll_adc.o(.revsh_text), (4 bytes).
    Removing stm32g4xx_ll_adc.o(.rrx_text), (6 bytes).
    Removing stm32g4xx_ll_adc.o(i.LL_ADC_CommonDeInit), (36 bytes).
    Removing stm32g4xx_ll_adc.o(i.LL_ADC_CommonStructInit), (16 bytes).
    Removing stm32g4xx_ll_adc.o(i.LL_ADC_DeInit), (448 bytes).
    Removing stm32g4xx_ll_adc.o(i.LL_ADC_INJ_Init), (66 bytes).
    Removing stm32g4xx_ll_adc.o(i.LL_ADC_INJ_StructInit), (12 bytes).
    Removing stm32g4xx_ll_adc.o(i.LL_ADC_REG_StructInit), (20 bytes).
    Removing stm32g4xx_ll_adc.o(i.LL_ADC_StructInit), (10 bytes).
    Removing stm32g4xx_ll_comp.o(.rev16_text), (4 bytes).
    Removing stm32g4xx_ll_comp.o(.revsh_text), (4 bytes).
    Removing stm32g4xx_ll_comp.o(.rrx_text), (6 bytes).
    Removing stm32g4xx_ll_comp.o(i.LL_COMP_DeInit), (20 bytes).
    Removing stm32g4xx_ll_comp.o(i.LL_COMP_Init), (52 bytes).
    Removing stm32g4xx_ll_comp.o(i.LL_COMP_StructInit), (20 bytes).
    Removing stm32g4xx_ll_cordic.o(.rev16_text), (4 bytes).
    Removing stm32g4xx_ll_cordic.o(.revsh_text), (4 bytes).
    Removing stm32g4xx_ll_cordic.o(.rrx_text), (6 bytes).
    Removing stm32g4xx_ll_cordic.o(i.LL_CORDIC_DeInit), (44 bytes).
    Removing stm32g4xx_ll_crc.o(.rev16_text), (4 bytes).
    Removing stm32g4xx_ll_crc.o(.revsh_text), (4 bytes).
    Removing stm32g4xx_ll_crc.o(.rrx_text), (6 bytes).
    Removing stm32g4xx_ll_crc.o(i.LL_CRC_DeInit), (44 bytes).
    Removing stm32g4xx_ll_crs.o(.rev16_text), (4 bytes).
    Removing stm32g4xx_ll_crs.o(.revsh_text), (4 bytes).
    Removing stm32g4xx_ll_crs.o(.rrx_text), (6 bytes).
    Removing stm32g4xx_ll_crs.o(i.LL_CRS_DeInit), (28 bytes).
    Removing stm32g4xx_ll_dac.o(.rev16_text), (4 bytes).
    Removing stm32g4xx_ll_dac.o(.revsh_text), (4 bytes).
    Removing stm32g4xx_ll_dac.o(.rrx_text), (6 bytes).
    Removing stm32g4xx_ll_dac.o(i.LL_DAC_DeInit), (64 bytes).
    Removing stm32g4xx_ll_dac.o(i.LL_DAC_Init), (152 bytes).
    Removing stm32g4xx_ll_dac.o(i.LL_DAC_StructInit), (18 bytes).
    Removing stm32g4xx_ll_dma.o(.rev16_text), (4 bytes).
    Removing stm32g4xx_ll_dma.o(.revsh_text), (4 bytes).
    Removing stm32g4xx_ll_dma.o(.rrx_text), (6 bytes).
    Removing stm32g4xx_ll_dma.o(i.LL_DMA_DeInit), (284 bytes).
    Removing stm32g4xx_ll_dma.o(i.LL_DMA_Init), (96 bytes).
    Removing stm32g4xx_ll_dma.o(i.LL_DMA_SetPeriphRequest), (36 bytes).
    Removing stm32g4xx_ll_dma.o(i.LL_DMA_StructInit), (26 bytes).
    Removing stm32g4xx_ll_dma.o(.constdata), (6 bytes).
    Removing stm32g4xx_ll_exti.o(.rev16_text), (4 bytes).
    Removing stm32g4xx_ll_exti.o(.revsh_text), (4 bytes).
    Removing stm32g4xx_ll_exti.o(.rrx_text), (6 bytes).
    Removing stm32g4xx_ll_exti.o(i.LL_EXTI_DeInit), (80 bytes).
    Removing stm32g4xx_ll_exti.o(i.LL_EXTI_Init), (324 bytes).
    Removing stm32g4xx_ll_exti.o(i.LL_EXTI_StructInit), (16 bytes).
    Removing stm32g4xx_ll_fmac.o(.rev16_text), (4 bytes).
    Removing stm32g4xx_ll_fmac.o(.revsh_text), (4 bytes).
    Removing stm32g4xx_ll_fmac.o(.rrx_text), (6 bytes).
    Removing stm32g4xx_ll_fmac.o(i.LL_FMAC_DeInit), (44 bytes).
    Removing stm32g4xx_ll_fmac.o(i.LL_FMAC_Init), (40 bytes).
    Removing stm32g4xx_ll_gpio.o(.rev16_text), (4 bytes).
    Removing stm32g4xx_ll_gpio.o(.revsh_text), (4 bytes).
    Removing stm32g4xx_ll_gpio.o(.rrx_text), (6 bytes).
    Removing stm32g4xx_ll_gpio.o(i.LL_AHB2_GRP1_ForceReset), (16 bytes).
    Removing stm32g4xx_ll_gpio.o(i.LL_AHB2_GRP1_ReleaseReset), (16 bytes).
    Removing stm32g4xx_ll_gpio.o(i.LL_GPIO_DeInit), (152 bytes).
    Removing stm32g4xx_ll_i2c.o(.rev16_text), (4 bytes).
    Removing stm32g4xx_ll_i2c.o(.revsh_text), (4 bytes).
    Removing stm32g4xx_ll_i2c.o(.rrx_text), (6 bytes).
    Removing stm32g4xx_ll_i2c.o(i.LL_I2C_DeInit), (96 bytes).
    Removing stm32g4xx_ll_i2c.o(i.LL_I2C_Init), (104 bytes).
    Removing stm32g4xx_ll_i2c.o(i.LL_I2C_StructInit), (22 bytes).
    Removing stm32g4xx_ll_lptim.o(.rev16_text), (4 bytes).
    Removing stm32g4xx_ll_lptim.o(.revsh_text), (4 bytes).
    Removing stm32g4xx_ll_lptim.o(.rrx_text), (6 bytes).
    Removing stm32g4xx_ll_lptim.o(i.LL_LPTIM_DeInit), (44 bytes).
    Removing stm32g4xx_ll_lptim.o(i.LL_LPTIM_Disable), (204 bytes).
    Removing stm32g4xx_ll_lptim.o(i.LL_LPTIM_Init), (48 bytes).
    Removing stm32g4xx_ll_lptim.o(i.LL_LPTIM_StructInit), (12 bytes).
    Removing stm32g4xx_ll_lptim.o(i.LL_RCC_SetLPTIMClockSource), (20 bytes).
    Removing stm32g4xx_ll_lpuart.o(.rev16_text), (4 bytes).
    Removing stm32g4xx_ll_lpuart.o(.revsh_text), (4 bytes).
    Removing stm32g4xx_ll_lpuart.o(.rrx_text), (6 bytes).
    Removing stm32g4xx_ll_lpuart.o(i.LL_LPUART_DeInit), (44 bytes).
    Removing stm32g4xx_ll_lpuart.o(i.LL_LPUART_Init), (160 bytes).
    Removing stm32g4xx_ll_lpuart.o(i.LL_LPUART_StructInit), (24 bytes).
    Removing stm32g4xx_ll_lpuart.o(.constdata), (24 bytes).
    Removing stm32g4xx_ll_opamp.o(.rev16_text), (4 bytes).
    Removing stm32g4xx_ll_opamp.o(.revsh_text), (4 bytes).
    Removing stm32g4xx_ll_opamp.o(.rrx_text), (6 bytes).
    Removing stm32g4xx_ll_opamp.o(i.LL_OPAMP_DeInit), (40 bytes).
    Removing stm32g4xx_ll_opamp.o(i.LL_OPAMP_Init), (72 bytes).
    Removing stm32g4xx_ll_opamp.o(i.LL_OPAMP_StructInit), (16 bytes).
    Removing stm32g4xx_ll_pwr.o(.rev16_text), (4 bytes).
    Removing stm32g4xx_ll_pwr.o(.revsh_text), (4 bytes).
    Removing stm32g4xx_ll_pwr.o(.rrx_text), (6 bytes).
    Removing stm32g4xx_ll_pwr.o(i.LL_PWR_DeInit), (28 bytes).
    Removing stm32g4xx_ll_rcc.o(.rev16_text), (4 bytes).
    Removing stm32g4xx_ll_rcc.o(.revsh_text), (4 bytes).
    Removing stm32g4xx_ll_rcc.o(.rrx_text), (6 bytes).
    Removing stm32g4xx_ll_rcc.o(i.LL_RCC_DeInit), (96 bytes).
    Removing stm32g4xx_ll_rcc.o(i.LL_RCC_GetADCClockFreq), (80 bytes).
    Removing stm32g4xx_ll_rcc.o(i.LL_RCC_GetFDCANClockFreq), (84 bytes).
    Removing stm32g4xx_ll_rcc.o(i.LL_RCC_GetI2CClockFreq), (108 bytes).
    Removing stm32g4xx_ll_rcc.o(i.LL_RCC_GetI2CClockSource), (32 bytes).
    Removing stm32g4xx_ll_rcc.o(i.LL_RCC_GetI2SClockFreq), (84 bytes).
    Removing stm32g4xx_ll_rcc.o(i.LL_RCC_GetLPTIMClockFreq), (104 bytes).
    Removing stm32g4xx_ll_rcc.o(i.LL_RCC_GetLPUARTClockFreq), (84 bytes).
    Removing stm32g4xx_ll_rcc.o(i.LL_RCC_GetRNGClockFreq), (68 bytes).
    Removing stm32g4xx_ll_rcc.o(i.LL_RCC_GetSAIClockFreq), (84 bytes).
    Removing stm32g4xx_ll_rcc.o(i.LL_RCC_GetSystemClocksFreq), (32 bytes).
    Removing stm32g4xx_ll_rcc.o(i.LL_RCC_GetUARTClockFreq), (92 bytes).
    Removing stm32g4xx_ll_rcc.o(i.LL_RCC_GetUSARTClockFreq), (180 bytes).
    Removing stm32g4xx_ll_rcc.o(i.LL_RCC_GetUSBClockFreq), (68 bytes).
    Removing stm32g4xx_ll_rcc.o(i.LL_RCC_HSI_IsReady), (16 bytes).
    Removing stm32g4xx_ll_rcc.o(i.LL_RCC_LSE_IsReady), (16 bytes).
    Removing stm32g4xx_ll_rcc.o(i.LL_RCC_PLL_IsReady), (16 bytes).
    Removing stm32g4xx_ll_rcc.o(i.RCC_GetHCLKClockFreq), (32 bytes).
    Removing stm32g4xx_ll_rcc.o(i.RCC_GetPCLK1ClockFreq), (32 bytes).
    Removing stm32g4xx_ll_rcc.o(i.RCC_GetPCLK2ClockFreq), (32 bytes).
    Removing stm32g4xx_ll_rcc.o(i.RCC_GetSystemClockFreq), (44 bytes).
    Removing stm32g4xx_ll_rcc.o(i.RCC_PLL_GetFreqDomain_48M), (72 bytes).
    Removing stm32g4xx_ll_rcc.o(i.RCC_PLL_GetFreqDomain_ADC), (88 bytes).
    Removing stm32g4xx_ll_rcc.o(i.RCC_PLL_GetFreqDomain_SYS), (72 bytes).
    Removing stm32g4xx_ll_rng.o(.rev16_text), (4 bytes).
    Removing stm32g4xx_ll_rng.o(.revsh_text), (4 bytes).
    Removing stm32g4xx_ll_rng.o(.rrx_text), (6 bytes).
    Removing stm32g4xx_ll_rng.o(i.LL_RNG_DeInit), (28 bytes).
    Removing stm32g4xx_ll_rng.o(i.LL_RNG_Init), (16 bytes).
    Removing stm32g4xx_ll_rng.o(i.LL_RNG_StructInit), (6 bytes).
    Removing stm32g4xx_ll_rtc.o(.rev16_text), (4 bytes).
    Removing stm32g4xx_ll_rtc.o(.revsh_text), (4 bytes).
    Removing stm32g4xx_ll_rtc.o(.rrx_text), (6 bytes).
    Removing stm32g4xx_ll_rtc.o(i.LL_RTC_ALMA_ConfigTime), (36 bytes).
    Removing stm32g4xx_ll_rtc.o(i.LL_RTC_ALMA_Init), (212 bytes).
    Removing stm32g4xx_ll_rtc.o(i.LL_RTC_ALMA_StructInit), (20 bytes).
    Removing stm32g4xx_ll_rtc.o(i.LL_RTC_ALMB_ConfigTime), (36 bytes).
    Removing stm32g4xx_ll_rtc.o(i.LL_RTC_ALMB_Init), (212 bytes).
    Removing stm32g4xx_ll_rtc.o(i.LL_RTC_ALMB_StructInit), (20 bytes).
    Removing stm32g4xx_ll_rtc.o(i.LL_RTC_DATE_Config), (40 bytes).
    Removing stm32g4xx_ll_rtc.o(i.LL_RTC_DATE_Init), (168 bytes).
    Removing stm32g4xx_ll_rtc.o(i.LL_RTC_DATE_StructInit), (14 bytes).
    Removing stm32g4xx_ll_rtc.o(i.LL_RTC_DeInit), (120 bytes).
    Removing stm32g4xx_ll_rtc.o(i.LL_RTC_EnterInitMode), (70 bytes).
    Removing stm32g4xx_ll_rtc.o(i.LL_RTC_ExitInitMode), (10 bytes).
    Removing stm32g4xx_ll_rtc.o(i.LL_RTC_Init), (80 bytes).
    Removing stm32g4xx_ll_rtc.o(i.LL_RTC_StructInit), (14 bytes).
    Removing stm32g4xx_ll_rtc.o(i.LL_RTC_TIME_Config), (36 bytes).
    Removing stm32g4xx_ll_rtc.o(i.LL_RTC_TIME_Init), (164 bytes).
    Removing stm32g4xx_ll_rtc.o(i.LL_RTC_TIME_StructInit), (12 bytes).
    Removing stm32g4xx_ll_rtc.o(i.LL_RTC_WaitForSynchro), (108 bytes).
    Removing stm32g4xx_ll_spi.o(.rev16_text), (4 bytes).
    Removing stm32g4xx_ll_spi.o(.revsh_text), (4 bytes).
    Removing stm32g4xx_ll_spi.o(.rrx_text), (6 bytes).
    Removing stm32g4xx_ll_spi.o(i.LL_I2S_ConfigPrescaler), (16 bytes).
    Removing stm32g4xx_ll_spi.o(i.LL_I2S_DeInit), (4 bytes).
    Removing stm32g4xx_ll_spi.o(i.LL_I2S_Init), (148 bytes).
    Removing stm32g4xx_ll_spi.o(i.LL_I2S_StructInit), (18 bytes).
    Removing stm32g4xx_ll_spi.o(i.LL_SPI_DeInit), (96 bytes).
    Removing stm32g4xx_ll_spi.o(i.LL_SPI_Init), (102 bytes).
    Removing stm32g4xx_ll_spi.o(i.LL_SPI_StructInit), (30 bytes).
    Removing stm32g4xx_ll_tim.o(.rev16_text), (4 bytes).
    Removing stm32g4xx_ll_tim.o(.revsh_text), (4 bytes).
    Removing stm32g4xx_ll_tim.o(.rrx_text), (6 bytes).
    Removing stm32g4xx_ll_tim.o(i.LL_APB1_GRP1_ForceReset), (16 bytes).
    Removing stm32g4xx_ll_tim.o(i.LL_APB1_GRP1_ReleaseReset), (16 bytes).
    Removing stm32g4xx_ll_tim.o(i.LL_APB2_GRP1_ForceReset), (16 bytes).
    Removing stm32g4xx_ll_tim.o(i.LL_APB2_GRP1_ReleaseReset), (16 bytes).
    Removing stm32g4xx_ll_tim.o(i.LL_TIM_BDTR_Init), (136 bytes).
    Removing stm32g4xx_ll_tim.o(i.LL_TIM_BDTR_StructInit), (30 bytes).
    Removing stm32g4xx_ll_tim.o(i.LL_TIM_DeInit), (200 bytes).
    Removing stm32g4xx_ll_tim.o(i.LL_TIM_ENCODER_Init), (100 bytes).
    Removing stm32g4xx_ll_tim.o(i.LL_TIM_ENCODER_StructInit), (28 bytes).
    Removing stm32g4xx_ll_tim.o(i.LL_TIM_HALLSENSOR_Init), (96 bytes).
    Removing stm32g4xx_ll_tim.o(i.LL_TIM_HALLSENSOR_StructInit), (12 bytes).
    Removing stm32g4xx_ll_tim.o(i.LL_TIM_IC_Init), (224 bytes).
    Removing stm32g4xx_ll_tim.o(i.LL_TIM_IC_StructInit), (16 bytes).
    Removing stm32g4xx_ll_tim.o(i.LL_TIM_Init), (172 bytes).
    Removing stm32g4xx_ll_tim.o(i.LL_TIM_OC_Init), (332 bytes).
    Removing stm32g4xx_ll_tim.o(i.LL_TIM_OC_StructInit), (20 bytes).
    Removing stm32g4xx_ll_tim.o(i.LL_TIM_StructInit), (16 bytes).
    Removing stm32g4xx_ll_tim.o(i.OC1Config), (152 bytes).
    Removing stm32g4xx_ll_tim.o(i.OC2Config), (160 bytes).
    Removing stm32g4xx_ll_tim.o(i.OC3Config), (156 bytes).
    Removing stm32g4xx_ll_tim.o(i.OC4Config), (160 bytes).
    Removing stm32g4xx_ll_ucpd.o(.rev16_text), (4 bytes).
    Removing stm32g4xx_ll_ucpd.o(.revsh_text), (4 bytes).
    Removing stm32g4xx_ll_ucpd.o(.rrx_text), (6 bytes).
    Removing stm32g4xx_ll_ucpd.o(i.LL_UCPD_DeInit), (56 bytes).
    Removing stm32g4xx_ll_ucpd.o(i.LL_UCPD_Init), (80 bytes).
    Removing stm32g4xx_ll_ucpd.o(i.LL_UCPD_StructInit), (20 bytes).
    Removing stm32g4xx_ll_usart.o(.rev16_text), (4 bytes).
    Removing stm32g4xx_ll_usart.o(.revsh_text), (4 bytes).
    Removing stm32g4xx_ll_usart.o(.rrx_text), (6 bytes).
    Removing stm32g4xx_ll_usart.o(i.LL_USART_ClockInit), (56 bytes).
    Removing stm32g4xx_ll_usart.o(i.LL_USART_ClockStructInit), (12 bytes).
    Removing stm32g4xx_ll_usart.o(i.LL_USART_DeInit), (124 bytes).
    Removing stm32g4xx_ll_usart.o(i.LL_USART_Init), (232 bytes).
    Removing stm32g4xx_ll_usart.o(i.LL_USART_StructInit), (26 bytes).
    Removing stm32g4xx_ll_usart.o(.constdata), (48 bytes).
    Removing stm32g4xx_ll_utils.o(.rev16_text), (4 bytes).
    Removing stm32g4xx_ll_utils.o(.revsh_text), (4 bytes).
    Removing stm32g4xx_ll_utils.o(.rrx_text), (6 bytes).
    Removing stm32g4xx_ll_utils.o(i.LL_PLL_ConfigSystemClock_HSE), (164 bytes).
    Removing stm32g4xx_ll_utils.o(i.LL_PLL_ConfigSystemClock_HSI), (144 bytes).
    Removing stm32g4xx_ll_utils.o(i.LL_RCC_PLL_ConfigDomain_SYS), (32 bytes).
    Removing stm32g4xx_ll_utils.o(i.LL_RCC_SetAHBPrescaler), (20 bytes).
    Removing stm32g4xx_ll_utils.o(i.LL_SetFlashLatency), (208 bytes).
    Removing stm32g4xx_ll_utils.o(i.UTILS_EnablePLLAndSwitchSystem), (164 bytes).
    Removing stm32g4xx_ll_utils.o(i.UTILS_GetPLLOutputFrequency), (34 bytes).
    Removing stm32g4xx_ll_utils.o(i.UTILS_PLL_IsBusy), (24 bytes).
    Removing croutine.o(.rev16_text), (4 bytes).
    Removing croutine.o(.revsh_text), (4 bytes).
    Removing croutine.o(.rrx_text), (6 bytes).
    Removing event_groups.o(.rev16_text), (4 bytes).
    Removing event_groups.o(.revsh_text), (4 bytes).
    Removing event_groups.o(.rrx_text), (6 bytes).
    Removing event_groups.o(i.prvTestWaitCondition), (20 bytes).
    Removing event_groups.o(i.uxEventGroupGetNumber), (8 bytes).
    Removing event_groups.o(i.vEventGroupClearBitsCallback), (4 bytes).
    Removing event_groups.o(i.vEventGroupDelete), (70 bytes).
    Removing event_groups.o(i.vEventGroupSetBitsCallback), (4 bytes).
    Removing event_groups.o(i.vEventGroupSetNumber), (4 bytes).
    Removing event_groups.o(i.xEventGroupClearBits), (64 bytes).
    Removing event_groups.o(i.xEventGroupClearBitsFromISR), (16 bytes).
    Removing event_groups.o(i.xEventGroupCreate), (26 bytes).
    Removing event_groups.o(i.xEventGroupGetBitsFromISR), (26 bytes).
    Removing event_groups.o(i.xEventGroupSetBits), (140 bytes).
    Removing event_groups.o(i.xEventGroupSetBitsFromISR), (16 bytes).
    Removing event_groups.o(i.xEventGroupSync), (204 bytes).
    Removing event_groups.o(i.xEventGroupWaitBits), (264 bytes).
    Removing list.o(.rev16_text), (4 bytes).
    Removing list.o(.revsh_text), (4 bytes).
    Removing list.o(.rrx_text), (6 bytes).
    Removing queue.o(.rev16_text), (4 bytes).
    Removing queue.o(.revsh_text), (4 bytes).
    Removing queue.o(.rrx_text), (6 bytes).
    Removing queue.o(i.pcQueueGetName), (40 bytes).
    Removing queue.o(i.ucQueueGetQueueType), (6 bytes).
    Removing queue.o(i.uxQueueGetQueueNumber), (4 bytes).
    Removing queue.o(i.uxQueueMessagesWaiting), (36 bytes).
    Removing queue.o(i.uxQueueMessagesWaitingFromISR), (22 bytes).
    Removing queue.o(i.uxQueueSpacesAvailable), (40 bytes).
    Removing queue.o(i.vQueueDelete), (36 bytes).
    Removing queue.o(i.vQueueSetQueueNumber), (4 bytes).
    Removing queue.o(i.vQueueUnregisterQueue), (40 bytes).
    Removing queue.o(i.xQueueCreateCountingSemaphore), (58 bytes).
    Removing queue.o(i.xQueueCreateMutex), (36 bytes).
    Removing queue.o(i.xQueueGetMutexHolder), (28 bytes).
    Removing queue.o(i.xQueueGetMutexHolderFromISR), (30 bytes).
    Removing queue.o(i.xQueueGiveFromISR), (176 bytes).
    Removing queue.o(i.xQueueGiveMutexRecursive), (62 bytes).
    Removing queue.o(i.xQueueIsQueueEmptyFromISR), (30 bytes).
    Removing queue.o(i.xQueueIsQueueFullFromISR), (34 bytes).
    Removing queue.o(i.xQueuePeek), (308 bytes).
    Removing queue.o(i.xQueuePeekFromISR), (116 bytes).
    Removing queue.o(i.xQueueReceiveFromISR), (174 bytes).
    Removing queue.o(i.xQueueSemaphoreTake), (376 bytes).
    Removing queue.o(i.xQueueTakeMutexRecursive), (64 bytes).
    Removing stream_buffer.o(.rev16_text), (4 bytes).
    Removing stream_buffer.o(.revsh_text), (4 bytes).
    Removing stream_buffer.o(.rrx_text), (6 bytes).
    Removing stream_buffer.o(i.prvBytesInBuffer), (18 bytes).
    Removing stream_buffer.o(i.prvInitialiseNewStreamBuffer), (66 bytes).
    Removing stream_buffer.o(i.prvReadBytesFromBuffer), (140 bytes).
    Removing stream_buffer.o(i.prvReadMessageFromBuffer), (58 bytes).
    Removing stream_buffer.o(i.prvWriteBytesToBuffer), (130 bytes).
    Removing stream_buffer.o(i.prvWriteMessageToBuffer), (60 bytes).
    Removing stream_buffer.o(i.ucStreamBufferGetStreamBufferType), (8 bytes).
    Removing stream_buffer.o(i.uxStreamBufferGetStreamBufferNumber), (4 bytes).
    Removing stream_buffer.o(i.vStreamBufferDelete), (34 bytes).
    Removing stream_buffer.o(i.vStreamBufferSetStreamBufferNumber), (4 bytes).
    Removing stream_buffer.o(i.xStreamBufferBytesAvailable), (22 bytes).
    Removing stream_buffer.o(i.xStreamBufferGenericCreate), (120 bytes).
    Removing stream_buffer.o(i.xStreamBufferIsEmpty), (34 bytes).
    Removing stream_buffer.o(i.xStreamBufferIsFull), (48 bytes).
    Removing stream_buffer.o(i.xStreamBufferNextMessageLengthBytes), (78 bytes).
    Removing stream_buffer.o(i.xStreamBufferReceive), (222 bytes).
    Removing stream_buffer.o(i.xStreamBufferReceiveCompletedFromISR), (72 bytes).
    Removing stream_buffer.o(i.xStreamBufferReceiveFromISR), (144 bytes).
    Removing stream_buffer.o(i.xStreamBufferReset), (70 bytes).
    Removing stream_buffer.o(i.xStreamBufferSend), (284 bytes).
    Removing stream_buffer.o(i.xStreamBufferSendCompletedFromISR), (72 bytes).
    Removing stream_buffer.o(i.xStreamBufferSendFromISR), (150 bytes).
    Removing stream_buffer.o(i.xStreamBufferSetTriggerLevel), (40 bytes).
    Removing stream_buffer.o(i.xStreamBufferSpacesAvailable), (38 bytes).
    Removing tasks.o(.rev16_text), (4 bytes).
    Removing tasks.o(.revsh_text), (4 bytes).
    Removing tasks.o(.rrx_text), (6 bytes).
    Removing tasks.o(i.eTaskGetState), (116 bytes).
    Removing tasks.o(i.pcTaskGetName), (32 bytes).
    Removing tasks.o(i.prvListTasksWithinSingleList), (88 bytes).
    Removing tasks.o(i.prvTaskCheckFreeStackSpace), (20 bytes).
    Removing tasks.o(i.prvTaskIsTaskSuspended), (52 bytes).
    Removing tasks.o(i.pvTaskIncrementMutexHeldCount), (24 bytes).
    Removing tasks.o(i.ulTaskGenericNotifyTake), (120 bytes).
    Removing tasks.o(i.ulTaskGenericNotifyValueClear), (48 bytes).
    Removing tasks.o(i.uxTaskGetNumberOfTasks), (12 bytes).
    Removing tasks.o(i.uxTaskGetStackHighWaterMark), (16 bytes).
    Removing tasks.o(i.uxTaskGetSystemState), (172 bytes).
    Removing tasks.o(i.uxTaskGetTaskNumber), (8 bytes).
    Removing tasks.o(i.uxTaskPriorityGet), (28 bytes).
    Removing tasks.o(i.uxTaskPriorityGetFromISR), (44 bytes).
    Removing tasks.o(i.uxTaskResetEventItemValue), (24 bytes).
    Removing tasks.o(i.vTaskEndScheduler), (28 bytes).
    Removing tasks.o(i.vTaskGenericNotifyGiveFromISR), (192 bytes).
    Removing tasks.o(i.vTaskGetInfo), (116 bytes).
    Removing tasks.o(i.vTaskPlaceOnUnorderedEventList), (80 bytes).
    Removing tasks.o(i.vTaskPriorityDisinheritAfterTimeout), (144 bytes).
    Removing tasks.o(i.vTaskPrioritySet), (180 bytes).
    Removing tasks.o(i.vTaskRemoveFromUnorderedEventList), (112 bytes).
    Removing tasks.o(i.vTaskResume), (124 bytes).
    Removing tasks.o(i.vTaskSetTaskNumber), (8 bytes).
    Removing tasks.o(i.vTaskSetTimeOutState), (48 bytes).
    Removing tasks.o(i.vTaskSuspend), (156 bytes).
    Removing tasks.o(i.xTaskCatchUpTicks), (48 bytes).
    Removing tasks.o(i.xTaskDelayUntil), (148 bytes).
    Removing tasks.o(i.xTaskGenericNotify), (240 bytes).
    Removing tasks.o(i.xTaskGenericNotifyFromISR), (276 bytes).
    Removing tasks.o(i.xTaskGenericNotifyStateClear), (68 bytes).
    Removing tasks.o(i.xTaskGenericNotifyWait), (156 bytes).
    Removing tasks.o(i.xTaskGetCurrentTaskHandle), (12 bytes).
    Removing tasks.o(i.xTaskGetTickCountFromISR), (16 bytes).
    Removing tasks.o(i.xTaskPriorityInherit), (120 bytes).
    Removing tasks.o(i.xTaskResumeFromISR), (140 bytes).
    Removing timers.o(.rev16_text), (4 bytes).
    Removing timers.o(.revsh_text), (4 bytes).
    Removing timers.o(.rrx_text), (6 bytes).
    Removing timers.o(i.pcTimerGetName), (22 bytes).
    Removing timers.o(i.pvTimerGetTimerID), (36 bytes).
    Removing timers.o(i.uxTimerGetReloadMode), (48 bytes).
    Removing timers.o(i.uxTimerGetTimerNumber), (4 bytes).
    Removing timers.o(i.vTimerSetReloadMode), (54 bytes).
    Removing timers.o(i.vTimerSetTimerID), (38 bytes).
    Removing timers.o(i.vTimerSetTimerNumber), (4 bytes).
    Removing timers.o(i.xTimerCreate), (98 bytes).
    Removing timers.o(i.xTimerGetExpiryTime), (22 bytes).
    Removing timers.o(i.xTimerGetPeriod), (22 bytes).
    Removing timers.o(i.xTimerGetTimerDaemonTaskHandle), (32 bytes).
    Removing timers.o(i.xTimerIsTimerActive), (48 bytes).
    Removing timers.o(i.xTimerPendFunctionCall), (60 bytes).
    Removing timers.o(i.xTimerPendFunctionCallFromISR), (40 bytes).
    Removing port.o(.rev16_text), (4 bytes).
    Removing port.o(.revsh_text), (4 bytes).
    Removing port.o(.rrx_text), (6 bytes).
    Removing port.o(i.vPortEndScheduler), (32 bytes).
    Removing heap_4.o(.rev16_text), (4 bytes).
    Removing heap_4.o(.revsh_text), (4 bytes).
    Removing heap_4.o(.rrx_text), (6 bytes).
    Removing heap_4.o(i.vPortGetHeapStats), (108 bytes).
    Removing heap_4.o(i.vPortInitialiseBlocks), (2 bytes).
    Removing heap_4.o(i.xPortGetFreeHeapSize), (12 bytes).
    Removing heap_4.o(i.xPortGetMinimumEverFreeHeapSize), (12 bytes).
    Removing delay.o(.rev16_text), (4 bytes).
    Removing delay.o(.revsh_text), (4 bytes).
    Removing delay.o(.rrx_text), (6 bytes).
    Removing delay.o(i.Delay_us), (52 bytes).
    Removing delay.o(i.delay_ms), (56 bytes).
    Removing delay.o(i.delay_xms), (26 bytes).
    Removing sys.o(.rev16_text), (4 bytes).
    Removing sys.o(.revsh_text), (4 bytes).
    Removing sys.o(.rrx_text), (6 bytes).
    Removing sys.o(.emb_text), (6 bytes).
    Removing sys.o(i.INTX_DISABLE), (4 bytes).
    Removing sys.o(i.INTX_ENABLE), (4 bytes).
    Removing sys.o(i.WFI_SET), (4 bytes).

452 unused section(s) (total 23180 bytes) removed from the image.

==============================================================================

Image Symbol Table

    Local Symbols

    Symbol Name                              Value     Ov Type        Size  Object(Section)

    ../Src/main.c                            0x00000000   Number         0  main.o ABSOLUTE
    ../Src/stm32g4xx_it.c                    0x00000000   Number         0  stm32g4xx_it.o ABSOLUTE
    ../Src/system_stm32g4xx.c                0x00000000   Number         0  system_stm32g4xx.o ABSOLUTE
    ../clib/microlib/division.c              0x00000000   Number         0  uldiv.o ABSOLUTE
    ../clib/microlib/init/entry.s            0x00000000   Number         0  entry10a.o ABSOLUTE
    ../clib/microlib/init/entry.s            0x00000000   Number         0  entry.o ABSOLUTE
    ../clib/microlib/init/entry.s            0x00000000   Number         0  entry9b.o ABSOLUTE
    ../clib/microlib/init/entry.s            0x00000000   Number         0  entry7b.o ABSOLUTE
    ../clib/microlib/init/entry.s            0x00000000   Number         0  entry9a.o ABSOLUTE
    ../clib/microlib/init/entry.s            0x00000000   Number         0  entry2.o ABSOLUTE
    ../clib/microlib/init/entry.s            0x00000000   Number         0  entry5.o ABSOLUTE
    ../clib/microlib/init/entry.s            0x00000000   Number         0  entry11b.o ABSOLUTE
    ../clib/microlib/init/entry.s            0x00000000   Number         0  entry8a.o ABSOLUTE
    ../clib/microlib/init/entry.s            0x00000000   Number         0  entry8b.o ABSOLUTE
    ../clib/microlib/init/entry.s            0x00000000   Number         0  entry11a.o ABSOLUTE
    ../clib/microlib/init/entry.s            0x00000000   Number         0  entry10b.o ABSOLUTE
    ../clib/microlib/init/entry.s            0x00000000   Number         0  entry7a.o ABSOLUTE
    ../clib/microlib/longlong.c              0x00000000   Number         0  llshl.o ABSOLUTE
    ../clib/microlib/longlong.c              0x00000000   Number         0  llushr.o ABSOLUTE
    ../clib/microlib/string/memcpy.c         0x00000000   Number         0  memcpya.o ABSOLUTE
    ../clib/microlib/string/memcpy.c         0x00000000   Number         0  memcpyb.o ABSOLUTE
    ../clib/microlib/string/memset.c         0x00000000   Number         0  memset.o ABSOLUTE
    ../clib/microlib/string/memset.c         0x00000000   Number         0  memseta.o ABSOLUTE
    ..\FreeRTOS\croutine.c                   0x00000000   Number         0  croutine.o ABSOLUTE
    ..\FreeRTOS\event_groups.c               0x00000000   Number         0  event_groups.o ABSOLUTE
    ..\FreeRTOS\list.c                       0x00000000   Number         0  list.o ABSOLUTE
    ..\FreeRTOS\portable\MemMang\heap_4.c    0x00000000   Number         0  heap_4.o ABSOLUTE
    ..\FreeRTOS\portable\RVDS\ARM_CM4F\port.c 0x00000000   Number         0  port.o ABSOLUTE
    ..\FreeRTOS\queue.c                      0x00000000   Number         0  queue.o ABSOLUTE
    ..\FreeRTOS\stream_buffer.c              0x00000000   Number         0  stream_buffer.o ABSOLUTE
    ..\FreeRTOS\tasks.c                      0x00000000   Number         0  tasks.o ABSOLUTE
    ..\FreeRTOS\timers.c                     0x00000000   Number         0  timers.o ABSOLUTE
    ..\G4xx_LL_Driver\src\stm32g4xx_ll_adc.c 0x00000000   Number         0  stm32g4xx_ll_adc.o ABSOLUTE
    ..\G4xx_LL_Driver\src\stm32g4xx_ll_comp.c 0x00000000   Number         0  stm32g4xx_ll_comp.o ABSOLUTE
    ..\G4xx_LL_Driver\src\stm32g4xx_ll_cordic.c 0x00000000   Number         0  stm32g4xx_ll_cordic.o ABSOLUTE
    ..\G4xx_LL_Driver\src\stm32g4xx_ll_crc.c 0x00000000   Number         0  stm32g4xx_ll_crc.o ABSOLUTE
    ..\G4xx_LL_Driver\src\stm32g4xx_ll_crs.c 0x00000000   Number         0  stm32g4xx_ll_crs.o ABSOLUTE
    ..\G4xx_LL_Driver\src\stm32g4xx_ll_dac.c 0x00000000   Number         0  stm32g4xx_ll_dac.o ABSOLUTE
    ..\G4xx_LL_Driver\src\stm32g4xx_ll_dma.c 0x00000000   Number         0  stm32g4xx_ll_dma.o ABSOLUTE
    ..\G4xx_LL_Driver\src\stm32g4xx_ll_exti.c 0x00000000   Number         0  stm32g4xx_ll_exti.o ABSOLUTE
    ..\G4xx_LL_Driver\src\stm32g4xx_ll_fmac.c 0x00000000   Number         0  stm32g4xx_ll_fmac.o ABSOLUTE
    ..\G4xx_LL_Driver\src\stm32g4xx_ll_gpio.c 0x00000000   Number         0  stm32g4xx_ll_gpio.o ABSOLUTE
    ..\G4xx_LL_Driver\src\stm32g4xx_ll_i2c.c 0x00000000   Number         0  stm32g4xx_ll_i2c.o ABSOLUTE
    ..\G4xx_LL_Driver\src\stm32g4xx_ll_lptim.c 0x00000000   Number         0  stm32g4xx_ll_lptim.o ABSOLUTE
    ..\G4xx_LL_Driver\src\stm32g4xx_ll_lpuart.c 0x00000000   Number         0  stm32g4xx_ll_lpuart.o ABSOLUTE
    ..\G4xx_LL_Driver\src\stm32g4xx_ll_opamp.c 0x00000000   Number         0  stm32g4xx_ll_opamp.o ABSOLUTE
    ..\G4xx_LL_Driver\src\stm32g4xx_ll_pwr.c 0x00000000   Number         0  stm32g4xx_ll_pwr.o ABSOLUTE
    ..\G4xx_LL_Driver\src\stm32g4xx_ll_rcc.c 0x00000000   Number         0  stm32g4xx_ll_rcc.o ABSOLUTE
    ..\G4xx_LL_Driver\src\stm32g4xx_ll_rng.c 0x00000000   Number         0  stm32g4xx_ll_rng.o ABSOLUTE
    ..\G4xx_LL_Driver\src\stm32g4xx_ll_rtc.c 0x00000000   Number         0  stm32g4xx_ll_rtc.o ABSOLUTE
    ..\G4xx_LL_Driver\src\stm32g4xx_ll_spi.c 0x00000000   Number         0  stm32g4xx_ll_spi.o ABSOLUTE
    ..\G4xx_LL_Driver\src\stm32g4xx_ll_tim.c 0x00000000   Number         0  stm32g4xx_ll_tim.o ABSOLUTE
    ..\G4xx_LL_Driver\src\stm32g4xx_ll_ucpd.c 0x00000000   Number         0  stm32g4xx_ll_ucpd.o ABSOLUTE
    ..\G4xx_LL_Driver\src\stm32g4xx_ll_usart.c 0x00000000   Number         0  stm32g4xx_ll_usart.o ABSOLUTE
    ..\G4xx_LL_Driver\src\stm32g4xx_ll_utils.c 0x00000000   Number         0  stm32g4xx_ll_utils.o ABSOLUTE
    ..\G4xx_TMH_driver\Drv_Icm20602.c        0x00000000   Number         0  drv_icm20602.o ABSOLUTE
    ..\G4xx_TMH_driver\Drv_Spi.c             0x00000000   Number         0  drv_spi.o ABSOLUTE
    ..\G4xx_TMH_driver\Drv_adc.c             0x00000000   Number         0  drv_adc.o ABSOLUTE
    ..\G4xx_TMH_driver\Drv_i2c.c             0x00000000   Number         0  drv_i2c.o ABSOLUTE
    ..\G4xx_TMH_driver\Drv_led.c             0x00000000   Number         0  drv_led.o ABSOLUTE
    ..\G4xx_TMH_driver\Drv_mpu6050.c         0x00000000   Number         0  drv_mpu6050.o ABSOLUTE
    ..\G4xx_TMH_driver\Drv_pwm_out.c         0x00000000   Number         0  drv_pwm_out.o ABSOLUTE
    ..\G4xx_TMH_driver\Drv_usart.c           0x00000000   Number         0  drv_usart.o ABSOLUTE
    ..\SYSTEM\delay\delay.c                  0x00000000   Number         0  delay.o ABSOLUTE
    ..\SYSTEM\sys\sys.c                      0x00000000   Number         0  sys.o ABSOLUTE
    ..\Src\TMH_scheduler.c                   0x00000000   Number         0  tmh_scheduler.o ABSOLUTE
    ..\Src\main.c                            0x00000000   Number         0  main.o ABSOLUTE
    ..\Src\stm32g4xx_it.c                    0x00000000   Number         0  stm32g4xx_it.o ABSOLUTE
    ..\Src\system_stm32g4xx.c                0x00000000   Number         0  system_stm32g4xx.o ABSOLUTE
    ..\Uav_Driver\Uav_general.c              0x00000000   Number         0  uav_general.o ABSOLUTE
    ..\\FreeRTOS\\croutine.c                 0x00000000   Number         0  croutine.o ABSOLUTE
    ..\\FreeRTOS\\event_groups.c             0x00000000   Number         0  event_groups.o ABSOLUTE
    ..\\FreeRTOS\\list.c                     0x00000000   Number         0  list.o ABSOLUTE
    ..\\FreeRTOS\\portable\\MemMang\\heap_4.c 0x00000000   Number         0  heap_4.o ABSOLUTE
    ..\\FreeRTOS\\portable\\RVDS\\ARM_CM4F\\port.c 0x00000000   Number         0  port.o ABSOLUTE
    ..\\FreeRTOS\\queue.c                    0x00000000   Number         0  queue.o ABSOLUTE
    ..\\FreeRTOS\\stream_buffer.c            0x00000000   Number         0  stream_buffer.o ABSOLUTE
    ..\\FreeRTOS\\tasks.c                    0x00000000   Number         0  tasks.o ABSOLUTE
    ..\\FreeRTOS\\timers.c                   0x00000000   Number         0  timers.o ABSOLUTE
    ..\\G4xx_LL_Driver\\src\\stm32g4xx_ll_adc.c 0x00000000   Number         0  stm32g4xx_ll_adc.o ABSOLUTE
    ..\\G4xx_LL_Driver\\src\\stm32g4xx_ll_comp.c 0x00000000   Number         0  stm32g4xx_ll_comp.o ABSOLUTE
    ..\\G4xx_LL_Driver\\src\\stm32g4xx_ll_cordic.c 0x00000000   Number         0  stm32g4xx_ll_cordic.o ABSOLUTE
    ..\\G4xx_LL_Driver\\src\\stm32g4xx_ll_crc.c 0x00000000   Number         0  stm32g4xx_ll_crc.o ABSOLUTE
    ..\\G4xx_LL_Driver\\src\\stm32g4xx_ll_crs.c 0x00000000   Number         0  stm32g4xx_ll_crs.o ABSOLUTE
    ..\\G4xx_LL_Driver\\src\\stm32g4xx_ll_dac.c 0x00000000   Number         0  stm32g4xx_ll_dac.o ABSOLUTE
    ..\\G4xx_LL_Driver\\src\\stm32g4xx_ll_dma.c 0x00000000   Number         0  stm32g4xx_ll_dma.o ABSOLUTE
    ..\\G4xx_LL_Driver\\src\\stm32g4xx_ll_exti.c 0x00000000   Number         0  stm32g4xx_ll_exti.o ABSOLUTE
    ..\\G4xx_LL_Driver\\src\\stm32g4xx_ll_fmac.c 0x00000000   Number         0  stm32g4xx_ll_fmac.o ABSOLUTE
    ..\\G4xx_LL_Driver\\src\\stm32g4xx_ll_gpio.c 0x00000000   Number         0  stm32g4xx_ll_gpio.o ABSOLUTE
    ..\\G4xx_LL_Driver\\src\\stm32g4xx_ll_i2c.c 0x00000000   Number         0  stm32g4xx_ll_i2c.o ABSOLUTE
    ..\\G4xx_LL_Driver\\src\\stm32g4xx_ll_lptim.c 0x00000000   Number         0  stm32g4xx_ll_lptim.o ABSOLUTE
    ..\\G4xx_LL_Driver\\src\\stm32g4xx_ll_lpuart.c 0x00000000   Number         0  stm32g4xx_ll_lpuart.o ABSOLUTE
    ..\\G4xx_LL_Driver\\src\\stm32g4xx_ll_opamp.c 0x00000000   Number         0  stm32g4xx_ll_opamp.o ABSOLUTE
    ..\\G4xx_LL_Driver\\src\\stm32g4xx_ll_pwr.c 0x00000000   Number         0  stm32g4xx_ll_pwr.o ABSOLUTE
    ..\\G4xx_LL_Driver\\src\\stm32g4xx_ll_rcc.c 0x00000000   Number         0  stm32g4xx_ll_rcc.o ABSOLUTE
    ..\\G4xx_LL_Driver\\src\\stm32g4xx_ll_rng.c 0x00000000   Number         0  stm32g4xx_ll_rng.o ABSOLUTE
    ..\\G4xx_LL_Driver\\src\\stm32g4xx_ll_rtc.c 0x00000000   Number         0  stm32g4xx_ll_rtc.o ABSOLUTE
    ..\\G4xx_LL_Driver\\src\\stm32g4xx_ll_spi.c 0x00000000   Number         0  stm32g4xx_ll_spi.o ABSOLUTE
    ..\\G4xx_LL_Driver\\src\\stm32g4xx_ll_tim.c 0x00000000   Number         0  stm32g4xx_ll_tim.o ABSOLUTE
    ..\\G4xx_LL_Driver\\src\\stm32g4xx_ll_ucpd.c 0x00000000   Number         0  stm32g4xx_ll_ucpd.o ABSOLUTE
    ..\\G4xx_LL_Driver\\src\\stm32g4xx_ll_usart.c 0x00000000   Number         0  stm32g4xx_ll_usart.o ABSOLUTE
    ..\\G4xx_LL_Driver\\src\\stm32g4xx_ll_utils.c 0x00000000   Number         0  stm32g4xx_ll_utils.o ABSOLUTE
    ..\\G4xx_TMH_driver\\Drv_Icm20602.c      0x00000000   Number         0  drv_icm20602.o ABSOLUTE
    ..\\G4xx_TMH_driver\\Drv_Spi.c           0x00000000   Number         0  drv_spi.o ABSOLUTE
    ..\\G4xx_TMH_driver\\Drv_adc.c           0x00000000   Number         0  drv_adc.o ABSOLUTE
    ..\\G4xx_TMH_driver\\Drv_i2c.c           0x00000000   Number         0  drv_i2c.o ABSOLUTE
    ..\\G4xx_TMH_driver\\Drv_led.c           0x00000000   Number         0  drv_led.o ABSOLUTE
    ..\\G4xx_TMH_driver\\Drv_mpu6050.c       0x00000000   Number         0  drv_mpu6050.o ABSOLUTE
    ..\\G4xx_TMH_driver\\Drv_pwm_out.c       0x00000000   Number         0  drv_pwm_out.o ABSOLUTE
    ..\\G4xx_TMH_driver\\Drv_usart.c         0x00000000   Number         0  drv_usart.o ABSOLUTE
    ..\\SYSTEM\\delay\\delay.c               0x00000000   Number         0  delay.o ABSOLUTE
    ..\\SYSTEM\\sys\\sys.c                   0x00000000   Number         0  sys.o ABSOLUTE
    ..\\Src\\TMH_scheduler.c                 0x00000000   Number         0  tmh_scheduler.o ABSOLUTE
    ..\\Uav_Driver\\Uav_general.c            0x00000000   Number         0  uav_general.o ABSOLUTE
    dc.s                                     0x00000000   Number         0  dc.o ABSOLUTE
    handlers.s                               0x00000000   Number         0  handlers.o ABSOLUTE
    init.s                                   0x00000000   Number         0  init.o ABSOLUTE
    startup_stm32g431xx.s                    0x00000000   Number         0  startup_stm32g431xx.o ABSOLUTE
    RESET                                    0x08000000   Section      472  startup_stm32g431xx.o(RESET)
    .ARM.Collect$$$$00000000                 0x080001d8   Section        0  entry.o(.ARM.Collect$$$$00000000)
    .ARM.Collect$$$$00000001                 0x080001d8   Section        4  entry2.o(.ARM.Collect$$$$00000001)
    .ARM.Collect$$$$00000004                 0x080001dc   Section        4  entry5.o(.ARM.Collect$$$$00000004)
    .ARM.Collect$$$$00000008                 0x080001e0   Section        0  entry7b.o(.ARM.Collect$$$$00000008)
    .ARM.Collect$$$$0000000A                 0x080001e0   Section        0  entry8b.o(.ARM.Collect$$$$0000000A)
    .ARM.Collect$$$$0000000B                 0x080001e0   Section        8  entry9a.o(.ARM.Collect$$$$0000000B)
    .ARM.Collect$$$$0000000D                 0x080001e8   Section        0  entry10a.o(.ARM.Collect$$$$0000000D)
    .ARM.Collect$$$$0000000F                 0x080001e8   Section        0  entry11a.o(.ARM.Collect$$$$0000000F)
    .ARM.Collect$$$$00002712                 0x080001e8   Section        4  entry2.o(.ARM.Collect$$$$00002712)
    __lit__00000000                          0x080001e8   Data           4  entry2.o(.ARM.Collect$$$$00002712)
    .emb_text                                0x080001ec   Section      190  port.o(.emb_text)
    $v0                                      0x080001ec   Number         0  port.o(.emb_text)
    .text                                    0x080002ac   Section       36  startup_stm32g431xx.o(.text)
    $v0                                      0x080002ac   Number         0  startup_stm32g431xx.o(.text)
    .text                                    0x080002d0   Section        0  memcpya.o(.text)
    .text                                    0x080002f4   Section        0  memseta.o(.text)
    .text                                    0x08000318   Section       36  init.o(.text)
    i.ANO_DT_Data_Receive_Prepare            0x0800033c   Section        0  drv_usart.o(i.ANO_DT_Data_Receive_Prepare)
    i.BusFault_Handler                       0x080004cc   Section        0  stm32g4xx_it.o(i.BusFault_Handler)
    i.DebugMon_Handler                       0x080004ce   Section        0  stm32g4xx_it.o(i.DebugMon_Handler)
    i.Drv_AdcInit                            0x080004d0   Section        0  drv_adc.o(i.Drv_AdcInit)
    i.Drv_LED_Init                           0x080005fc   Section        0  drv_led.o(i.Drv_LED_Init)
    i.Get_ADC                                0x0800063c   Section        0  drv_adc.o(i.Get_ADC)
    i.HardFault_Handler                      0x08000678   Section        0  stm32g4xx_it.o(i.HardFault_Handler)
    i.LL_ADC_CommonInit                      0x0800067c   Section        0  stm32g4xx_ll_adc.o(i.LL_ADC_CommonInit)
    i.LL_ADC_Init                            0x080006cc   Section        0  stm32g4xx_ll_adc.o(i.LL_ADC_Init)
    i.LL_ADC_REG_Init                        0x080006f8   Section        0  stm32g4xx_ll_adc.o(i.LL_ADC_REG_Init)
    i.LL_AHB2_GRP1_EnableClock               0x0800074c   Section        0  drv_adc.o(i.LL_AHB2_GRP1_EnableClock)
    LL_AHB2_GRP1_EnableClock                 0x0800074d   Thumb Code    18  drv_adc.o(i.LL_AHB2_GRP1_EnableClock)
    i.LL_GPIO_Init                           0x08000764   Section        0  stm32g4xx_ll_gpio.o(i.LL_GPIO_Init)
    i.LL_GPIO_StructInit                     0x0800089a   Section        0  stm32g4xx_ll_gpio.o(i.LL_GPIO_StructInit)
    i.LL_Init1msTick                         0x080008b0   Section        0  stm32g4xx_ll_utils.o(i.LL_Init1msTick)
    i.LL_RCC_SetAHBPrescaler                 0x080008d8   Section        0  main.o(i.LL_RCC_SetAHBPrescaler)
    LL_RCC_SetAHBPrescaler                   0x080008d9   Thumb Code    14  main.o(i.LL_RCC_SetAHBPrescaler)
    i.LL_SetSystemCoreClock                  0x080008ec   Section        0  stm32g4xx_ll_utils.o(i.LL_SetSystemCoreClock)
    i.LL_mDelay                              0x080008f8   Section        0  stm32g4xx_ll_utils.o(i.LL_mDelay)
    i.MemManage_Handler                      0x08000916   Section        0  stm32g4xx_it.o(i.MemManage_Handler)
    i.NMI_Handler                            0x08000918   Section        0  stm32g4xx_it.o(i.NMI_Handler)
    i.SysTick_Handler                        0x0800091a   Section        0  delay.o(i.SysTick_Handler)
    i.SystemClock_Config                     0x08000930   Section        0  main.o(i.SystemClock_Config)
    i.SystemInit                             0x08000a08   Section        0  system_stm32g4xx.o(i.SystemInit)
    i.Task_1                                 0x08000a24   Section        0  main.o(i.Task_1)
    i.Task_2                                 0x08000a44   Section        0  main.o(i.Task_2)
    i.USART2_IRQHandler                      0x08000a60   Section        0  stm32g4xx_it.o(i.USART2_IRQHandler)
    i.UsageFault_Handler                     0x08000a64   Section        0  stm32g4xx_it.o(i.UsageFault_Handler)
    i.Usart2_IRQ                             0x08000a68   Section        0  drv_usart.o(i.Usart2_IRQ)
    i.__scatterload_copy                     0x08000ac8   Section       14  handlers.o(i.__scatterload_copy)
    i.__scatterload_null                     0x08000ad6   Section        2  handlers.o(i.__scatterload_null)
    i.__scatterload_zeroinit                 0x08000ad8   Section       14  handlers.o(i.__scatterload_zeroinit)
    i.delay_init                             0x08000ae8   Section        0  delay.o(i.delay_init)
    i.main                                   0x08000b08   Section        0  main.o(i.main)
    i.prvAddCurrentTaskToDelayedList         0x08000b68   Section        0  tasks.o(i.prvAddCurrentTaskToDelayedList)
    prvAddCurrentTaskToDelayedList           0x08000b69   Thumb Code    84  tasks.o(i.prvAddCurrentTaskToDelayedList)
    i.prvAddNewTaskToReadyList               0x08000bc4   Section        0  tasks.o(i.prvAddNewTaskToReadyList)
    prvAddNewTaskToReadyList                 0x08000bc5   Thumb Code   190  tasks.o(i.prvAddNewTaskToReadyList)
    i.prvCheckForValidListAndQueue           0x08000c94   Section        0  timers.o(i.prvCheckForValidListAndQueue)
    prvCheckForValidListAndQueue             0x08000c95   Thumb Code    62  timers.o(i.prvCheckForValidListAndQueue)
    i.prvCopyDataFromQueue                   0x08000ce4   Section        0  queue.o(i.prvCopyDataFromQueue)
    prvCopyDataFromQueue                     0x08000ce5   Thumb Code    38  queue.o(i.prvCopyDataFromQueue)
    i.prvCopyDataToQueue                     0x08000d0a   Section        0  queue.o(i.prvCopyDataToQueue)
    prvCopyDataToQueue                       0x08000d0b   Thumb Code   108  queue.o(i.prvCopyDataToQueue)
    i.prvDeleteTCB                           0x08000d76   Section        0  tasks.o(i.prvDeleteTCB)
    prvDeleteTCB                             0x08000d77   Thumb Code    20  tasks.o(i.prvDeleteTCB)
    i.prvHeapInit                            0x08000d8c   Section        0  heap_4.o(i.prvHeapInit)
    prvHeapInit                              0x08000d8d   Thumb Code    66  heap_4.o(i.prvHeapInit)
    i.prvIdleTask                            0x08000dd8   Section        0  tasks.o(i.prvIdleTask)
    prvIdleTask                              0x08000dd9   Thumb Code    82  tasks.o(i.prvIdleTask)
    i.prvInitialiseNewTask                   0x08000e38   Section        0  tasks.o(i.prvInitialiseNewTask)
    prvInitialiseNewTask                     0x08000e39   Thumb Code   176  tasks.o(i.prvInitialiseNewTask)
    i.prvInsertBlockIntoFreeList             0x08000ee8   Section        0  heap_4.o(i.prvInsertBlockIntoFreeList)
    prvInsertBlockIntoFreeList               0x08000ee9   Thumb Code    72  heap_4.o(i.prvInsertBlockIntoFreeList)
    i.prvInsertTimerInActiveList             0x08000f34   Section        0  timers.o(i.prvInsertTimerInActiveList)
    prvInsertTimerInActiveList               0x08000f35   Thumb Code    52  timers.o(i.prvInsertTimerInActiveList)
    i.prvIsQueueEmpty                        0x08000f6c   Section        0  queue.o(i.prvIsQueueEmpty)
    prvIsQueueEmpty                          0x08000f6d   Thumb Code    28  queue.o(i.prvIsQueueEmpty)
    i.prvProcessReceivedCommands             0x08000f88   Section        0  timers.o(i.prvProcessReceivedCommands)
    prvProcessReceivedCommands               0x08000f89   Thumb Code   248  timers.o(i.prvProcessReceivedCommands)
    i.prvProcessTimerOrBlockTask             0x08001084   Section        0  timers.o(i.prvProcessTimerOrBlockTask)
    prvProcessTimerOrBlockTask               0x08001085   Thumb Code   182  timers.o(i.prvProcessTimerOrBlockTask)
    i.prvResetNextTaskUnblockTime            0x08001144   Section        0  tasks.o(i.prvResetNextTaskUnblockTime)
    prvResetNextTaskUnblockTime              0x08001145   Thumb Code    24  tasks.o(i.prvResetNextTaskUnblockTime)
    i.prvSampleTimeNow                       0x08001160   Section        0  timers.o(i.prvSampleTimeNow)
    prvSampleTimeNow                         0x08001161   Thumb Code    36  timers.o(i.prvSampleTimeNow)
    i.prvSwitchTimerLists                    0x08001188   Section        0  timers.o(i.prvSwitchTimerLists)
    prvSwitchTimerLists                      0x08001189   Thumb Code   104  timers.o(i.prvSwitchTimerLists)
    i.prvTaskExitError                       0x080011f4   Section        0  port.o(i.prvTaskExitError)
    prvTaskExitError                         0x080011f5   Thumb Code    36  port.o(i.prvTaskExitError)
    i.prvTimerTask                           0x0800121c   Section        0  timers.o(i.prvTimerTask)
    prvTimerTask                             0x0800121d   Thumb Code    32  timers.o(i.prvTimerTask)
    i.prvUnlockQueue                         0x08001240   Section        0  queue.o(i.prvUnlockQueue)
    prvUnlockQueue                           0x08001241   Thumb Code   106  queue.o(i.prvUnlockQueue)
    i.pvPortMalloc                           0x080012ac   Section        0  heap_4.o(i.pvPortMalloc)
    i.pxPortInitialiseStack                  0x08001394   Section        0  port.o(i.pxPortInitialiseStack)
    i.start_task                             0x080013c0   Section        0  main.o(i.start_task)
    i.uxListRemove                           0x0800141c   Section        0  list.o(i.uxListRemove)
    i.vListInitialise                        0x08001442   Section        0  list.o(i.vListInitialise)
    i.vListInitialiseItem                    0x08001458   Section        0  list.o(i.vListInitialiseItem)
    i.vListInsert                            0x0800145e   Section        0  list.o(i.vListInsert)
    i.vListInsertEnd                         0x0800148e   Section        0  list.o(i.vListInsertEnd)
    i.vPortEnterCritical                     0x080014a8   Section        0  port.o(i.vPortEnterCritical)
    i.vPortExitCritical                      0x080014e8   Section        0  port.o(i.vPortExitCritical)
    i.vPortFree                              0x08001510   Section        0  heap_4.o(i.vPortFree)
    i.vPortSetupTimerInterrupt               0x08001574   Section        0  port.o(i.vPortSetupTimerInterrupt)
    i.vPortValidateInterruptPriority         0x08001598   Section        0  port.o(i.vPortValidateInterruptPriority)
    i.vQueueAddToRegistry                    0x080015ec   Section        0  queue.o(i.vQueueAddToRegistry)
    i.vQueueWaitForMessageRestricted         0x08001614   Section        0  queue.o(i.vQueueWaitForMessageRestricted)
    i.vTaskDelay                             0x08001658   Section        0  tasks.o(i.vTaskDelay)
    i.vTaskDelete                            0x080016a4   Section        0  tasks.o(i.vTaskDelete)
    i.vTaskInternalSetTimeOutState           0x08001734   Section        0  tasks.o(i.vTaskInternalSetTimeOutState)
    i.vTaskMissedYield                       0x08001744   Section        0  tasks.o(i.vTaskMissedYield)
    i.vTaskPlaceOnEventList                  0x08001750   Section        0  tasks.o(i.vTaskPlaceOnEventList)
    i.vTaskPlaceOnEventListRestricted        0x08001780   Section        0  tasks.o(i.vTaskPlaceOnEventListRestricted)
    i.vTaskStartScheduler                    0x080017b8   Section        0  tasks.o(i.vTaskStartScheduler)
    i.vTaskSuspendAll                        0x08001828   Section        0  tasks.o(i.vTaskSuspendAll)
    i.vTaskSwitchContext                     0x08001838   Section        0  tasks.o(i.vTaskSwitchContext)
    i.xPortStartScheduler                    0x0800189c   Section        0  port.o(i.xPortStartScheduler)
    i.xPortSysTickHandler                    0x08001990   Section        0  port.o(i.xPortSysTickHandler)
    i.xQueueGenericCreate                    0x080019bc   Section        0  queue.o(i.xQueueGenericCreate)
    i.xQueueGenericReset                     0x08001a3c   Section        0  queue.o(i.xQueueGenericReset)
    i.xQueueGenericSend                      0x08001ac4   Section        0  queue.o(i.xQueueGenericSend)
    i.xQueueGenericSendFromISR               0x08001c24   Section        0  queue.o(i.xQueueGenericSendFromISR)
    i.xQueueReceive                          0x08001cf8   Section        0  queue.o(i.xQueueReceive)
    i.xTaskCheckForTimeOut                   0x08001e30   Section        0  tasks.o(i.xTaskCheckForTimeOut)
    i.xTaskCreate                            0x08001eac   Section        0  tasks.o(i.xTaskCreate)
    i.xTaskGetSchedulerState                 0x08001f04   Section        0  tasks.o(i.xTaskGetSchedulerState)
    i.xTaskGetTickCount                      0x08001f20   Section        0  tasks.o(i.xTaskGetTickCount)
    i.xTaskIncrementTick                     0x08001f2c   Section        0  tasks.o(i.xTaskIncrementTick)
    i.xTaskPriorityDisinherit                0x08001ff4   Section        0  tasks.o(i.xTaskPriorityDisinherit)
    i.xTaskRemoveFromEventList               0x08002074   Section        0  tasks.o(i.xTaskRemoveFromEventList)
    i.xTaskResumeAll                         0x080020e4   Section        0  tasks.o(i.xTaskResumeAll)
    i.xTimerCreateTimerTask                  0x080021a8   Section        0  timers.o(i.xTimerCreateTimerTask)
    i.xTimerGenericCommand                   0x080021f4   Section        0  timers.o(i.xTimerGenericCommand)
    .data                                    0x20000000   Section       12  main.o(.data)
    .data                                    0x2000000c   Section       31  drv_usart.o(.data)
    state                                    0x2000000e   Data           1  drv_usart.o(.data)
    .data                                    0x2000002c   Section        2  drv_adc.o(.data)
    .data                                    0x20000030   Section        4  system_stm32g4xx.o(.data)
    .data                                    0x20000034   Section       64  tasks.o(.data)
    uxDeletedTasksWaitingCleanUp             0x20000038   Data           4  tasks.o(.data)
    uxCurrentNumberOfTasks                   0x2000003c   Data           4  tasks.o(.data)
    xTickCount                               0x20000040   Data           4  tasks.o(.data)
    uxTopReadyPriority                       0x20000044   Data           4  tasks.o(.data)
    xSchedulerRunning                        0x20000048   Data           4  tasks.o(.data)
    xPendedTicks                             0x2000004c   Data           4  tasks.o(.data)
    xYieldPending                            0x20000050   Data           4  tasks.o(.data)
    xNumOfOverflows                          0x20000054   Data           4  tasks.o(.data)
    uxTaskNumber                             0x20000058   Data           4  tasks.o(.data)
    xNextTaskUnblockTime                     0x2000005c   Data           4  tasks.o(.data)
    xIdleTaskHandle                          0x20000060   Data           4  tasks.o(.data)
    uxSchedulerSuspended                     0x20000068   Data           4  tasks.o(.data)
    pxDelayedTaskList                        0x2000006c   Data           4  tasks.o(.data)
    pxOverflowDelayedTaskList                0x20000070   Data           4  tasks.o(.data)
    .data                                    0x20000074   Section       20  timers.o(.data)
    xTimerQueue                              0x20000074   Data           4  timers.o(.data)
    xTimerTaskHandle                         0x20000078   Data           4  timers.o(.data)
    xLastTime                                0x2000007c   Data           4  timers.o(.data)
    pxCurrentTimerList                       0x20000080   Data           4  timers.o(.data)
    pxOverflowTimerList                      0x20000084   Data           4  timers.o(.data)
    .data                                    0x20000088   Section       12  port.o(.data)
    ucMaxSysCallPriority                     0x20000088   Data           1  port.o(.data)
    uxCriticalNesting                        0x2000008c   Data           4  port.o(.data)
    ulMaxPRIGROUPValue                       0x20000090   Data           4  port.o(.data)
    .data                                    0x20000094   Section       32  heap_4.o(.data)
    pxEnd                                    0x20000094   Data           4  heap_4.o(.data)
    xFreeBytesRemaining                      0x20000098   Data           4  heap_4.o(.data)
    xMinimumEverFreeBytesRemaining           0x2000009c   Data           4  heap_4.o(.data)
    xNumberOfSuccessfulAllocations           0x200000a0   Data           4  heap_4.o(.data)
    xNumberOfSuccessfulFrees                 0x200000a4   Data           4  heap_4.o(.data)
    xBlockAllocatedBit                       0x200000a8   Data           4  heap_4.o(.data)
    xStart                                   0x200000ac   Data           8  heap_4.o(.data)
    .data                                    0x200000b4   Section        4  delay.o(.data)
    fac_us                                   0x200000b4   Data           1  delay.o(.data)
    fac_ms                                   0x200000b6   Data           2  delay.o(.data)
    .bss                                     0x200000b8   Section      256  drv_usart.o(.bss)
    .bss                                     0x200001b8   Section       64  queue.o(.bss)
    .bss                                     0x200001f8   Section     1220  tasks.o(.bss)
    pxReadyTasksLists                        0x200001f8   Data        1120  tasks.o(.bss)
    xDelayedTaskList1                        0x20000658   Data          20  tasks.o(.bss)
    xDelayedTaskList2                        0x2000066c   Data          20  tasks.o(.bss)
    xPendingReadyList                        0x20000680   Data          20  tasks.o(.bss)
    xTasksWaitingTermination                 0x20000694   Data          20  tasks.o(.bss)
    xSuspendedTaskList                       0x200006a8   Data          20  tasks.o(.bss)
    .bss                                     0x200006bc   Section       40  timers.o(.bss)
    xActiveTimerList1                        0x200006bc   Data          20  timers.o(.bss)
    xActiveTimerList2                        0x200006d0   Data          20  timers.o(.bss)
    .bss                                     0x200006e4   Section    15360  heap_4.o(.bss)
    ucHeap                                   0x200006e4   Data       15360  heap_4.o(.bss)
    STACK                                    0x200042e8   Section     1024  startup_stm32g431xx.o(STACK)

    Global Symbols

    Symbol Name                              Value     Ov Type        Size  Object(Section)

    BuildAttributes$$THM_ISAv4$E$P$D$K$B$S$7EM$VFPi3$EXTD16$VFPS$VFMA$PE$A:L22UL41UL21$X:L11$S22US41US21$IEEE1$IW$USESV6$~STKCKD$USESV7$~SHL$OSPACE$EBA8$MICROLIB$REQ8$PRES8$EABIv2 0x00000000   Number         0  anon$$obj.o ABSOLUTE
    __ARM_use_no_argv                        0x00000000   Number         0  main.o ABSOLUTE
    __cpp_initialize__aeabi_                  - Undefined Weak Reference
    __cxa_finalize                            - Undefined Weak Reference
    __decompress                              - Undefined Weak Reference
    _clock_init                               - Undefined Weak Reference
    _microlib_exit                            - Undefined Weak Reference
    __Vectors_Size                           0x000001d8   Number         0  startup_stm32g431xx.o ABSOLUTE
    __Vectors                                0x08000000   Data           4  startup_stm32g431xx.o(RESET)
    __Vectors_End                            0x080001d8   Data           0  startup_stm32g431xx.o(RESET)
    __main                                   0x080001d9   Thumb Code     0  entry.o(.ARM.Collect$$$$00000000)
    _main_stk                                0x080001d9   Thumb Code     0  entry2.o(.ARM.Collect$$$$00000001)
    _main_scatterload                        0x080001dd   Thumb Code     0  entry5.o(.ARM.Collect$$$$00000004)
    __main_after_scatterload                 0x080001e1   Thumb Code     0  entry5.o(.ARM.Collect$$$$00000004)
    _main_clock                              0x080001e1   Thumb Code     0  entry7b.o(.ARM.Collect$$$$00000008)
    _main_cpp_init                           0x080001e1   Thumb Code     0  entry8b.o(.ARM.Collect$$$$0000000A)
    _main_init                               0x080001e1   Thumb Code     0  entry9a.o(.ARM.Collect$$$$0000000B)
    __rt_final_cpp                           0x080001e9   Thumb Code     0  entry10a.o(.ARM.Collect$$$$0000000D)
    __rt_final_exit                          0x080001e9   Thumb Code     0  entry11a.o(.ARM.Collect$$$$0000000F)
    SVC_Handler                              0x080001ed   Thumb Code    28  port.o(.emb_text)
    __asm___6_port_c_39a90d8d__prvStartFirstTask 0x0800020d   Thumb Code    36  port.o(.emb_text)
    __asm___6_port_c_39a90d8d__prvEnableVFP  0x08000235   Thumb Code    16  port.o(.emb_text)
    PendSV_Handler                           0x08000249   Thumb Code    88  port.o(.emb_text)
    vPortGetIPSR                             0x080002a5   Thumb Code     6  port.o(.emb_text)
    Reset_Handler                            0x080002ad   Thumb Code     8  startup_stm32g431xx.o(.text)
    ADC1_2_IRQHandler                        0x080002c7   Thumb Code     0  startup_stm32g431xx.o(.text)
    COMP1_2_3_IRQHandler                     0x080002c7   Thumb Code     0  startup_stm32g431xx.o(.text)
    COMP4_IRQHandler                         0x080002c7   Thumb Code     0  startup_stm32g431xx.o(.text)
    CORDIC_IRQHandler                        0x080002c7   Thumb Code     0  startup_stm32g431xx.o(.text)
    CRS_IRQHandler                           0x080002c7   Thumb Code     0  startup_stm32g431xx.o(.text)
    DMA1_Channel1_IRQHandler                 0x080002c7   Thumb Code     0  startup_stm32g431xx.o(.text)
    DMA1_Channel2_IRQHandler                 0x080002c7   Thumb Code     0  startup_stm32g431xx.o(.text)
    DMA1_Channel3_IRQHandler                 0x080002c7   Thumb Code     0  startup_stm32g431xx.o(.text)
    DMA1_Channel4_IRQHandler                 0x080002c7   Thumb Code     0  startup_stm32g431xx.o(.text)
    DMA1_Channel5_IRQHandler                 0x080002c7   Thumb Code     0  startup_stm32g431xx.o(.text)
    DMA1_Channel6_IRQHandler                 0x080002c7   Thumb Code     0  startup_stm32g431xx.o(.text)
    DMA2_Channel1_IRQHandler                 0x080002c7   Thumb Code     0  startup_stm32g431xx.o(.text)
    DMA2_Channel2_IRQHandler                 0x080002c7   Thumb Code     0  startup_stm32g431xx.o(.text)
    DMA2_Channel3_IRQHandler                 0x080002c7   Thumb Code     0  startup_stm32g431xx.o(.text)
    DMA2_Channel4_IRQHandler                 0x080002c7   Thumb Code     0  startup_stm32g431xx.o(.text)
    DMA2_Channel5_IRQHandler                 0x080002c7   Thumb Code     0  startup_stm32g431xx.o(.text)
    DMA2_Channel6_IRQHandler                 0x080002c7   Thumb Code     0  startup_stm32g431xx.o(.text)
    DMAMUX_OVR_IRQHandler                    0x080002c7   Thumb Code     0  startup_stm32g431xx.o(.text)
    EXTI0_IRQHandler                         0x080002c7   Thumb Code     0  startup_stm32g431xx.o(.text)
    EXTI15_10_IRQHandler                     0x080002c7   Thumb Code     0  startup_stm32g431xx.o(.text)
    EXTI1_IRQHandler                         0x080002c7   Thumb Code     0  startup_stm32g431xx.o(.text)
    EXTI2_IRQHandler                         0x080002c7   Thumb Code     0  startup_stm32g431xx.o(.text)
    EXTI3_IRQHandler                         0x080002c7   Thumb Code     0  startup_stm32g431xx.o(.text)
    EXTI4_IRQHandler                         0x080002c7   Thumb Code     0  startup_stm32g431xx.o(.text)
    EXTI9_5_IRQHandler                       0x080002c7   Thumb Code     0  startup_stm32g431xx.o(.text)
    FDCAN1_IT0_IRQHandler                    0x080002c7   Thumb Code     0  startup_stm32g431xx.o(.text)
    FDCAN1_IT1_IRQHandler                    0x080002c7   Thumb Code     0  startup_stm32g431xx.o(.text)
    FLASH_IRQHandler                         0x080002c7   Thumb Code     0  startup_stm32g431xx.o(.text)
    FMAC_IRQHandler                          0x080002c7   Thumb Code     0  startup_stm32g431xx.o(.text)
    FPU_IRQHandler                           0x080002c7   Thumb Code     0  startup_stm32g431xx.o(.text)
    I2C1_ER_IRQHandler                       0x080002c7   Thumb Code     0  startup_stm32g431xx.o(.text)
    I2C1_EV_IRQHandler                       0x080002c7   Thumb Code     0  startup_stm32g431xx.o(.text)
    I2C2_ER_IRQHandler                       0x080002c7   Thumb Code     0  startup_stm32g431xx.o(.text)
    I2C2_EV_IRQHandler                       0x080002c7   Thumb Code     0  startup_stm32g431xx.o(.text)
    I2C3_ER_IRQHandler                       0x080002c7   Thumb Code     0  startup_stm32g431xx.o(.text)
    I2C3_EV_IRQHandler                       0x080002c7   Thumb Code     0  startup_stm32g431xx.o(.text)
    LPTIM1_IRQHandler                        0x080002c7   Thumb Code     0  startup_stm32g431xx.o(.text)
    LPUART1_IRQHandler                       0x080002c7   Thumb Code     0  startup_stm32g431xx.o(.text)
    PVD_PVM_IRQHandler                       0x080002c7   Thumb Code     0  startup_stm32g431xx.o(.text)
    RCC_IRQHandler                           0x080002c7   Thumb Code     0  startup_stm32g431xx.o(.text)
    RNG_IRQHandler                           0x080002c7   Thumb Code     0  startup_stm32g431xx.o(.text)
    RTC_Alarm_IRQHandler                     0x080002c7   Thumb Code     0  startup_stm32g431xx.o(.text)
    RTC_TAMP_LSECSS_IRQHandler               0x080002c7   Thumb Code     0  startup_stm32g431xx.o(.text)
    RTC_WKUP_IRQHandler                      0x080002c7   Thumb Code     0  startup_stm32g431xx.o(.text)
    SAI1_IRQHandler                          0x080002c7   Thumb Code     0  startup_stm32g431xx.o(.text)
    SPI1_IRQHandler                          0x080002c7   Thumb Code     0  startup_stm32g431xx.o(.text)
    SPI2_IRQHandler                          0x080002c7   Thumb Code     0  startup_stm32g431xx.o(.text)
    SPI3_IRQHandler                          0x080002c7   Thumb Code     0  startup_stm32g431xx.o(.text)
    TIM1_BRK_TIM15_IRQHandler                0x080002c7   Thumb Code     0  startup_stm32g431xx.o(.text)
    TIM1_CC_IRQHandler                       0x080002c7   Thumb Code     0  startup_stm32g431xx.o(.text)
    TIM1_TRG_COM_TIM17_IRQHandler            0x080002c7   Thumb Code     0  startup_stm32g431xx.o(.text)
    TIM1_UP_TIM16_IRQHandler                 0x080002c7   Thumb Code     0  startup_stm32g431xx.o(.text)
    TIM2_IRQHandler                          0x080002c7   Thumb Code     0  startup_stm32g431xx.o(.text)
    TIM3_IRQHandler                          0x080002c7   Thumb Code     0  startup_stm32g431xx.o(.text)
    TIM4_IRQHandler                          0x080002c7   Thumb Code     0  startup_stm32g431xx.o(.text)
    TIM6_DAC_IRQHandler                      0x080002c7   Thumb Code     0  startup_stm32g431xx.o(.text)
    TIM7_IRQHandler                          0x080002c7   Thumb Code     0  startup_stm32g431xx.o(.text)
    TIM8_BRK_IRQHandler                      0x080002c7   Thumb Code     0  startup_stm32g431xx.o(.text)
    TIM8_CC_IRQHandler                       0x080002c7   Thumb Code     0  startup_stm32g431xx.o(.text)
    TIM8_TRG_COM_IRQHandler                  0x080002c7   Thumb Code     0  startup_stm32g431xx.o(.text)
    TIM8_UP_IRQHandler                       0x080002c7   Thumb Code     0  startup_stm32g431xx.o(.text)
    UART4_IRQHandler                         0x080002c7   Thumb Code     0  startup_stm32g431xx.o(.text)
    UCPD1_IRQHandler                         0x080002c7   Thumb Code     0  startup_stm32g431xx.o(.text)
    USART1_IRQHandler                        0x080002c7   Thumb Code     0  startup_stm32g431xx.o(.text)
    USART3_IRQHandler                        0x080002c7   Thumb Code     0  startup_stm32g431xx.o(.text)
    USBWakeUp_IRQHandler                     0x080002c7   Thumb Code     0  startup_stm32g431xx.o(.text)
    USB_HP_IRQHandler                        0x080002c7   Thumb Code     0  startup_stm32g431xx.o(.text)
    USB_LP_IRQHandler                        0x080002c7   Thumb Code     0  startup_stm32g431xx.o(.text)
    WWDG_IRQHandler                          0x080002c7   Thumb Code     0  startup_stm32g431xx.o(.text)
    __aeabi_memcpy                           0x080002d1   Thumb Code    36  memcpya.o(.text)
    __aeabi_memcpy4                          0x080002d1   Thumb Code     0  memcpya.o(.text)
    __aeabi_memcpy8                          0x080002d1   Thumb Code     0  memcpya.o(.text)
    __aeabi_memset                           0x080002f5   Thumb Code    14  memseta.o(.text)
    __aeabi_memset4                          0x080002f5   Thumb Code     0  memseta.o(.text)
    __aeabi_memset8                          0x080002f5   Thumb Code     0  memseta.o(.text)
    __aeabi_memclr                           0x08000303   Thumb Code     4  memseta.o(.text)
    __aeabi_memclr4                          0x08000303   Thumb Code     0  memseta.o(.text)
    __aeabi_memclr8                          0x08000303   Thumb Code     0  memseta.o(.text)
    memset                                   0x08000307   Thumb Code    18  memseta.o(.text)
    __scatterload                            0x08000319   Thumb Code    28  init.o(.text)
    __scatterload_rt2                        0x08000319   Thumb Code     0  init.o(.text)
    ANO_DT_Data_Receive_Prepare              0x0800033d   Thumb Code   396  drv_usart.o(i.ANO_DT_Data_Receive_Prepare)
    BusFault_Handler                         0x080004cd   Thumb Code     2  stm32g4xx_it.o(i.BusFault_Handler)
    DebugMon_Handler                         0x080004cf   Thumb Code     2  stm32g4xx_it.o(i.DebugMon_Handler)
    Drv_AdcInit                              0x080004d1   Thumb Code   280  drv_adc.o(i.Drv_AdcInit)
    Drv_LED_Init                             0x080005fd   Thumb Code    60  drv_led.o(i.Drv_LED_Init)
    Get_ADC                                  0x0800063d   Thumb Code    54  drv_adc.o(i.Get_ADC)
    HardFault_Handler                        0x08000679   Thumb Code     2  stm32g4xx_it.o(i.HardFault_Handler)
    LL_ADC_CommonInit                        0x0800067d   Thumb Code    72  stm32g4xx_ll_adc.o(i.LL_ADC_CommonInit)
    LL_ADC_Init                              0x080006cd   Thumb Code    42  stm32g4xx_ll_adc.o(i.LL_ADC_Init)
    LL_ADC_REG_Init                          0x080006f9   Thumb Code    78  stm32g4xx_ll_adc.o(i.LL_ADC_REG_Init)
    LL_GPIO_Init                             0x08000765   Thumb Code   310  stm32g4xx_ll_gpio.o(i.LL_GPIO_Init)
    LL_GPIO_StructInit                       0x0800089b   Thumb Code    22  stm32g4xx_ll_gpio.o(i.LL_GPIO_StructInit)
    LL_Init1msTick                           0x080008b1   Thumb Code    34  stm32g4xx_ll_utils.o(i.LL_Init1msTick)
    LL_SetSystemCoreClock                    0x080008ed   Thumb Code     6  stm32g4xx_ll_utils.o(i.LL_SetSystemCoreClock)
    LL_mDelay                                0x080008f9   Thumb Code    30  stm32g4xx_ll_utils.o(i.LL_mDelay)
    MemManage_Handler                        0x08000917   Thumb Code     2  stm32g4xx_it.o(i.MemManage_Handler)
    NMI_Handler                              0x08000919   Thumb Code     2  stm32g4xx_it.o(i.NMI_Handler)
    SysTick_Handler                          0x0800091b   Thumb Code    20  delay.o(i.SysTick_Handler)
    SystemClock_Config                       0x08000931   Thumb Code   188  main.o(i.SystemClock_Config)
    SystemInit                               0x08000a09   Thumb Code    22  system_stm32g4xx.o(i.SystemInit)
    Task_1                                   0x08000a25   Thumb Code    32  main.o(i.Task_1)
    Task_2                                   0x08000a45   Thumb Code    20  main.o(i.Task_2)
    USART2_IRQHandler                        0x08000a61   Thumb Code     4  stm32g4xx_it.o(i.USART2_IRQHandler)
    UsageFault_Handler                       0x08000a65   Thumb Code     2  stm32g4xx_it.o(i.UsageFault_Handler)
    Usart2_IRQ                               0x08000a69   Thumb Code    84  drv_usart.o(i.Usart2_IRQ)
    __scatterload_copy                       0x08000ac9   Thumb Code    14  handlers.o(i.__scatterload_copy)
    __scatterload_null                       0x08000ad7   Thumb Code     2  handlers.o(i.__scatterload_null)
    __scatterload_zeroinit                   0x08000ad9   Thumb Code    14  handlers.o(i.__scatterload_zeroinit)
    delay_init                               0x08000ae9   Thumb Code    20  delay.o(i.delay_init)
    main                                     0x08000b09   Thumb Code    66  main.o(i.main)
    pvPortMalloc                             0x080012ad   Thumb Code   228  heap_4.o(i.pvPortMalloc)
    pxPortInitialiseStack                    0x08001395   Thumb Code    40  port.o(i.pxPortInitialiseStack)
    start_task                               0x080013c1   Thumb Code    62  main.o(i.start_task)
    uxListRemove                             0x0800141d   Thumb Code    38  list.o(i.uxListRemove)
    vListInitialise                          0x08001443   Thumb Code    22  list.o(i.vListInitialise)
    vListInitialiseItem                      0x08001459   Thumb Code     6  list.o(i.vListInitialiseItem)
    vListInsert                              0x0800145f   Thumb Code    48  list.o(i.vListInsert)
    vListInsertEnd                           0x0800148f   Thumb Code    24  list.o(i.vListInsertEnd)
    vPortEnterCritical                       0x080014a9   Thumb Code    54  port.o(i.vPortEnterCritical)
    vPortExitCritical                        0x080014e9   Thumb Code    34  port.o(i.vPortExitCritical)
    vPortFree                                0x08001511   Thumb Code    94  heap_4.o(i.vPortFree)
    vPortSetupTimerInterrupt                 0x08001575   Thumb Code    32  port.o(i.vPortSetupTimerInterrupt)
    vPortValidateInterruptPriority           0x08001599   Thumb Code    74  port.o(i.vPortValidateInterruptPriority)
    vQueueAddToRegistry                      0x080015ed   Thumb Code    34  queue.o(i.vQueueAddToRegistry)
    vQueueWaitForMessageRestricted           0x08001615   Thumb Code    68  queue.o(i.vQueueWaitForMessageRestricted)
    vTaskDelay                               0x08001659   Thumb Code    66  tasks.o(i.vTaskDelay)
    vTaskDelete                              0x080016a5   Thumb Code   130  tasks.o(i.vTaskDelete)
    vTaskInternalSetTimeOutState             0x08001735   Thumb Code    12  tasks.o(i.vTaskInternalSetTimeOutState)
    vTaskMissedYield                         0x08001745   Thumb Code     8  tasks.o(i.vTaskMissedYield)
    vTaskPlaceOnEventList                    0x08001751   Thumb Code    44  tasks.o(i.vTaskPlaceOnEventList)
    vTaskPlaceOnEventListRestricted          0x08001781   Thumb Code    52  tasks.o(i.vTaskPlaceOnEventListRestricted)
    vTaskStartScheduler                      0x080017b9   Thumb Code    94  tasks.o(i.vTaskStartScheduler)
    vTaskSuspendAll                          0x08001829   Thumb Code    10  tasks.o(i.vTaskSuspendAll)
    vTaskSwitchContext                       0x08001839   Thumb Code    90  tasks.o(i.vTaskSwitchContext)
    xPortStartScheduler                      0x0800189d   Thumb Code   222  port.o(i.xPortStartScheduler)
    xPortSysTickHandler                      0x08001991   Thumb Code    38  port.o(i.xPortSysTickHandler)
    xQueueGenericCreate                      0x080019bd   Thumb Code   126  queue.o(i.xQueueGenericCreate)
    xQueueGenericReset                       0x08001a3d   Thumb Code   132  queue.o(i.xQueueGenericReset)
    xQueueGenericSend                        0x08001ac5   Thumb Code   346  queue.o(i.xQueueGenericSend)
    xQueueGenericSendFromISR                 0x08001c25   Thumb Code   210  queue.o(i.xQueueGenericSendFromISR)
    xQueueReceive                            0x08001cf9   Thumb Code   308  queue.o(i.xQueueReceive)
    xTaskCheckForTimeOut                     0x08001e31   Thumb Code   118  tasks.o(i.xTaskCheckForTimeOut)
    xTaskCreate                              0x08001ead   Thumb Code    86  tasks.o(i.xTaskCreate)
    xTaskGetSchedulerState                   0x08001f05   Thumb Code    22  tasks.o(i.xTaskGetSchedulerState)
    xTaskGetTickCount                        0x08001f21   Thumb Code     6  tasks.o(i.xTaskGetTickCount)
    xTaskIncrementTick                       0x08001f2d   Thumb Code   192  tasks.o(i.xTaskIncrementTick)
    xTaskPriorityDisinherit                  0x08001ff5   Thumb Code   118  tasks.o(i.xTaskPriorityDisinherit)
    xTaskRemoveFromEventList                 0x08002075   Thumb Code    98  tasks.o(i.xTaskRemoveFromEventList)
    xTaskResumeAll                           0x080020e5   Thumb Code   182  tasks.o(i.xTaskResumeAll)
    xTimerCreateTimerTask                    0x080021a9   Thumb Code    58  timers.o(i.xTimerCreateTimerTask)
    xTimerGenericCommand                     0x080021f5   Thumb Code    98  timers.o(i.xTimerGenericCommand)
    Region$$Table$$Base                      0x0800225c   Number         0  anon$$obj.o(Region$$Table)
    Region$$Table$$Limit                     0x0800227c   Number         0  anon$$obj.o(Region$$Table)
    START_TASK_Handle                        0x20000000   Data           4  main.o(.data)
    TASK_1_Handle                            0x20000004   Data           4  main.o(.data)
    TASK_2_Handle                            0x20000008   Data           4  main.o(.data)
    TxCounter                                0x2000000c   Data           1  drv_usart.o(.data)
    count                                    0x2000000d   Data           1  drv_usart.o(.data)
    DT_RxBuffer                              0x2000000f   Data          28  drv_usart.o(.data)
    AdcValue                                 0x2000002c   Data           2  drv_adc.o(.data)
    SystemCoreClock                          0x20000030   Data           4  system_stm32g4xx.o(.data)
    pxCurrentTCB                             0x20000034   Data           4  tasks.o(.data)
    uxTopUsedPriority                        0x20000064   Data           4  tasks.o(.data)
    TxBuffer                                 0x200000b8   Data         256  drv_usart.o(.bss)
    xQueueRegistry                           0x200001b8   Data          64  queue.o(.bss)
    __initial_sp                             0x200046e8   Data           0  startup_stm32g431xx.o(STACK)



==============================================================================

Memory Map of the image

  Image Entry point : 0x080001d9

  Load Region LR_IROM1 (Base: 0x08000000, Size: 0x00002334, Max: 0x00020000, ABSOLUTE)

    Execution Region ER_IROM1 (Exec base: 0x08000000, Load base: 0x08000000, Size: 0x0000227c, Max: 0x00020000, ABSOLUTE)

    Exec Addr    Load Addr    Size         Type   Attr      Idx    E Section Name        Object

    0x08000000   0x08000000   0x000001d8   Data   RO            3    RESET               startup_stm32g431xx.o
    0x080001d8   0x080001d8   0x00000000   Code   RO         3650  * .ARM.Collect$$$$00000000  mc_w.l(entry.o)
    0x080001d8   0x080001d8   0x00000004   Code   RO         3663    .ARM.Collect$$$$00000001  mc_w.l(entry2.o)
    0x080001dc   0x080001dc   0x00000004   Code   RO         3666    .ARM.Collect$$$$00000004  mc_w.l(entry5.o)
    0x080001e0   0x080001e0   0x00000000   Code   RO         3668    .ARM.Collect$$$$00000008  mc_w.l(entry7b.o)
    0x080001e0   0x080001e0   0x00000000   Code   RO         3670    .ARM.Collect$$$$0000000A  mc_w.l(entry8b.o)
    0x080001e0   0x080001e0   0x00000008   Code   RO         3671    .ARM.Collect$$$$0000000B  mc_w.l(entry9a.o)
    0x080001e8   0x080001e8   0x00000000   Code   RO         3673    .ARM.Collect$$$$0000000D  mc_w.l(entry10a.o)
    0x080001e8   0x080001e8   0x00000000   Code   RO         3675    .ARM.Collect$$$$0000000F  mc_w.l(entry11a.o)
    0x080001e8   0x080001e8   0x00000004   Code   RO         3664    .ARM.Collect$$$$00002712  mc_w.l(entry2.o)
    0x080001ec   0x080001ec   0x000000be   Code   RO         3404    .emb_text           port.o
    0x080002aa   0x080002aa   0x00000002   PAD
    0x080002ac   0x080002ac   0x00000024   Code   RO            4    .text               startup_stm32g431xx.o
    0x080002d0   0x080002d0   0x00000024   Code   RO         3655    .text               mc_w.l(memcpya.o)
    0x080002f4   0x080002f4   0x00000024   Code   RO         3659    .text               mc_w.l(memseta.o)
    0x08000318   0x08000318   0x00000024   Code   RO         3681    .text               mc_w.l(init.o)
    0x0800033c   0x0800033c   0x00000190   Code   RO          564    i.ANO_DT_Data_Receive_Prepare  drv_usart.o
    0x080004cc   0x080004cc   0x00000002   Code   RO          229    i.BusFault_Handler  stm32g4xx_it.o
    0x080004ce   0x080004ce   0x00000002   Code   RO          230    i.DebugMon_Handler  stm32g4xx_it.o
    0x080004d0   0x080004d0   0x0000012c   Code   RO          630    i.Drv_AdcInit       drv_adc.o
    0x080005fc   0x080005fc   0x00000040   Code   RO          498    i.Drv_LED_Init      drv_led.o
    0x0800063c   0x0800063c   0x0000003c   Code   RO          631    i.Get_ADC           drv_adc.o
    0x08000678   0x08000678   0x00000002   Code   RO          231    i.HardFault_Handler  stm32g4xx_it.o
    0x0800067a   0x0800067a   0x00000002   PAD
    0x0800067c   0x0800067c   0x00000050   Code   RO          936    i.LL_ADC_CommonInit  stm32g4xx_ll_adc.o
    0x080006cc   0x080006cc   0x0000002a   Code   RO          941    i.LL_ADC_Init       stm32g4xx_ll_adc.o
    0x080006f6   0x080006f6   0x00000002   PAD
    0x080006f8   0x080006f8   0x00000054   Code   RO          942    i.LL_ADC_REG_Init   stm32g4xx_ll_adc.o
    0x0800074c   0x0800074c   0x00000018   Code   RO          632    i.LL_AHB2_GRP1_EnableClock  drv_adc.o
    0x08000764   0x08000764   0x00000136   Code   RO         1302    i.LL_GPIO_Init      stm32g4xx_ll_gpio.o
    0x0800089a   0x0800089a   0x00000016   Code   RO         1303    i.LL_GPIO_StructInit  stm32g4xx_ll_gpio.o
    0x080008b0   0x080008b0   0x00000028   Code   RO         2172    i.LL_Init1msTick    stm32g4xx_ll_utils.o
    0x080008d8   0x080008d8   0x00000014   Code   RO           13    i.LL_RCC_SetAHBPrescaler  main.o
    0x080008ec   0x080008ec   0x0000000c   Code   RO         2178    i.LL_SetSystemCoreClock  stm32g4xx_ll_utils.o
    0x080008f8   0x080008f8   0x0000001e   Code   RO         2179    i.LL_mDelay         stm32g4xx_ll_utils.o
    0x08000916   0x08000916   0x00000002   Code   RO          233    i.MemManage_Handler  stm32g4xx_it.o
    0x08000918   0x08000918   0x00000002   Code   RO          234    i.NMI_Handler       stm32g4xx_it.o
    0x0800091a   0x0800091a   0x00000014   Code   RO         3561    i.SysTick_Handler   delay.o
    0x0800092e   0x0800092e   0x00000002   PAD
    0x08000930   0x08000930   0x000000d8   Code   RO           14    i.SystemClock_Config  main.o
    0x08000a08   0x08000a08   0x0000001c   Code   RO          898    i.SystemInit        system_stm32g4xx.o
    0x08000a24   0x08000a24   0x00000020   Code   RO           15    i.Task_1            main.o
    0x08000a44   0x08000a44   0x0000001c   Code   RO           16    i.Task_2            main.o
    0x08000a60   0x08000a60   0x00000004   Code   RO          236    i.USART2_IRQHandler  stm32g4xx_it.o
    0x08000a64   0x08000a64   0x00000002   Code   RO          237    i.UsageFault_Handler  stm32g4xx_it.o
    0x08000a66   0x08000a66   0x00000002   PAD
    0x08000a68   0x08000a68   0x00000060   Code   RO          566    i.Usart2_IRQ        drv_usart.o
    0x08000ac8   0x08000ac8   0x0000000e   Code   RO         3685    i.__scatterload_copy  mc_w.l(handlers.o)
    0x08000ad6   0x08000ad6   0x00000002   Code   RO         3686    i.__scatterload_null  mc_w.l(handlers.o)
    0x08000ad8   0x08000ad8   0x0000000e   Code   RO         3687    i.__scatterload_zeroinit  mc_w.l(handlers.o)
    0x08000ae6   0x08000ae6   0x00000002   PAD
    0x08000ae8   0x08000ae8   0x00000020   Code   RO         3562    i.delay_init        delay.o
    0x08000b08   0x08000b08   0x00000060   Code   RO           18    i.main              main.o
    0x08000b68   0x08000b68   0x0000005c   Code   RO         2864    i.prvAddCurrentTaskToDelayedList  tasks.o
    0x08000bc4   0x08000bc4   0x000000d0   Code   RO         2865    i.prvAddNewTaskToReadyList  tasks.o
    0x08000c94   0x08000c94   0x00000050   Code   RO         3235    i.prvCheckForValidListAndQueue  timers.o
    0x08000ce4   0x08000ce4   0x00000026   Code   RO         2471    i.prvCopyDataFromQueue  queue.o
    0x08000d0a   0x08000d0a   0x0000006c   Code   RO         2472    i.prvCopyDataToQueue  queue.o
    0x08000d76   0x08000d76   0x00000014   Code   RO         2866    i.prvDeleteTCB      tasks.o
    0x08000d8a   0x08000d8a   0x00000002   PAD
    0x08000d8c   0x08000d8c   0x0000004c   Code   RO         3493    i.prvHeapInit       heap_4.o
    0x08000dd8   0x08000dd8   0x00000060   Code   RO         2867    i.prvIdleTask       tasks.o
    0x08000e38   0x08000e38   0x000000b0   Code   RO         2868    i.prvInitialiseNewTask  tasks.o
    0x08000ee8   0x08000ee8   0x0000004c   Code   RO         3494    i.prvInsertBlockIntoFreeList  heap_4.o
    0x08000f34   0x08000f34   0x00000038   Code   RO         3236    i.prvInsertTimerInActiveList  timers.o
    0x08000f6c   0x08000f6c   0x0000001c   Code   RO         2473    i.prvIsQueueEmpty   queue.o
    0x08000f88   0x08000f88   0x000000fc   Code   RO         3237    i.prvProcessReceivedCommands  timers.o
    0x08001084   0x08001084   0x000000c0   Code   RO         3238    i.prvProcessTimerOrBlockTask  timers.o
    0x08001144   0x08001144   0x0000001c   Code   RO         2870    i.prvResetNextTaskUnblockTime  tasks.o
    0x08001160   0x08001160   0x00000028   Code   RO         3239    i.prvSampleTimeNow  timers.o
    0x08001188   0x08001188   0x0000006c   Code   RO         3240    i.prvSwitchTimerLists  timers.o
    0x080011f4   0x080011f4   0x00000028   Code   RO         3405    i.prvTaskExitError  port.o
    0x0800121c   0x0800121c   0x00000024   Code   RO         3241    i.prvTimerTask      timers.o
    0x08001240   0x08001240   0x0000006a   Code   RO         2474    i.prvUnlockQueue    queue.o
    0x080012aa   0x080012aa   0x00000002   PAD
    0x080012ac   0x080012ac   0x000000e8   Code   RO         3495    i.pvPortMalloc      heap_4.o
    0x08001394   0x08001394   0x0000002c   Code   RO         3406    i.pxPortInitialiseStack  port.o
    0x080013c0   0x080013c0   0x0000005c   Code   RO           19    i.start_task        main.o
    0x0800141c   0x0800141c   0x00000026   Code   RO         2419    i.uxListRemove      list.o
    0x08001442   0x08001442   0x00000016   Code   RO         2420    i.vListInitialise   list.o
    0x08001458   0x08001458   0x00000006   Code   RO         2421    i.vListInitialiseItem  list.o
    0x0800145e   0x0800145e   0x00000030   Code   RO         2422    i.vListInsert       list.o
    0x0800148e   0x0800148e   0x00000018   Code   RO         2423    i.vListInsertEnd    list.o
    0x080014a6   0x080014a6   0x00000002   PAD
    0x080014a8   0x080014a8   0x00000040   Code   RO         3408    i.vPortEnterCritical  port.o
    0x080014e8   0x080014e8   0x00000028   Code   RO         3409    i.vPortExitCritical  port.o
    0x08001510   0x08001510   0x00000064   Code   RO         3496    i.vPortFree         heap_4.o
    0x08001574   0x08001574   0x00000024   Code   RO         3410    i.vPortSetupTimerInterrupt  port.o
    0x08001598   0x08001598   0x00000054   Code   RO         3411    i.vPortValidateInterruptPriority  port.o
    0x080015ec   0x080015ec   0x00000028   Code   RO         2480    i.vQueueAddToRegistry  queue.o
    0x08001614   0x08001614   0x00000044   Code   RO         2484    i.vQueueWaitForMessageRestricted  queue.o
    0x08001658   0x08001658   0x0000004c   Code   RO         2883    i.vTaskDelay        tasks.o
    0x080016a4   0x080016a4   0x00000090   Code   RO         2884    i.vTaskDelete       tasks.o
    0x08001734   0x08001734   0x00000010   Code   RO         2888    i.vTaskInternalSetTimeOutState  tasks.o
    0x08001744   0x08001744   0x0000000c   Code   RO         2889    i.vTaskMissedYield  tasks.o
    0x08001750   0x08001750   0x00000030   Code   RO         2890    i.vTaskPlaceOnEventList  tasks.o
    0x08001780   0x08001780   0x00000038   Code   RO         2891    i.vTaskPlaceOnEventListRestricted  tasks.o
    0x080017b8   0x080017b8   0x00000070   Code   RO         2899    i.vTaskStartScheduler  tasks.o
    0x08001828   0x08001828   0x00000010   Code   RO         2901    i.vTaskSuspendAll   tasks.o
    0x08001838   0x08001838   0x00000064   Code   RO         2902    i.vTaskSwitchContext  tasks.o
    0x0800189c   0x0800189c   0x000000f4   Code   RO         3412    i.xPortStartScheduler  port.o
    0x08001990   0x08001990   0x0000002c   Code   RO         3413    i.xPortSysTickHandler  port.o
    0x080019bc   0x080019bc   0x0000007e   Code   RO         2487    i.xQueueGenericCreate  queue.o
    0x08001a3a   0x08001a3a   0x00000002   PAD
    0x08001a3c   0x08001a3c   0x00000088   Code   RO         2488    i.xQueueGenericReset  queue.o
    0x08001ac4   0x08001ac4   0x00000160   Code   RO         2489    i.xQueueGenericSend  queue.o
    0x08001c24   0x08001c24   0x000000d2   Code   RO         2490    i.xQueueGenericSendFromISR  queue.o
    0x08001cf6   0x08001cf6   0x00000002   PAD
    0x08001cf8   0x08001cf8   0x00000138   Code   RO         2499    i.xQueueReceive     queue.o
    0x08001e30   0x08001e30   0x0000007c   Code   RO         2904    i.xTaskCheckForTimeOut  tasks.o
    0x08001eac   0x08001eac   0x00000056   Code   RO         2905    i.xTaskCreate       tasks.o
    0x08001f02   0x08001f02   0x00000002   PAD
    0x08001f04   0x08001f04   0x0000001c   Code   RO         2912    i.xTaskGetSchedulerState  tasks.o
    0x08001f20   0x08001f20   0x0000000c   Code   RO         2913    i.xTaskGetTickCount  tasks.o
    0x08001f2c   0x08001f2c   0x000000c8   Code   RO         2915    i.xTaskIncrementTick  tasks.o
    0x08001ff4   0x08001ff4   0x00000080   Code   RO         2916    i.xTaskPriorityDisinherit  tasks.o
    0x08002074   0x08002074   0x00000070   Code   RO         2918    i.xTaskRemoveFromEventList  tasks.o
    0x080020e4   0x080020e4   0x000000c4   Code   RO         2919    i.xTaskResumeAll    tasks.o
    0x080021a8   0x080021a8   0x0000004c   Code   RO         3249    i.xTimerCreateTimerTask  timers.o
    0x080021f4   0x080021f4   0x00000068   Code   RO         3250    i.xTimerGenericCommand  timers.o
    0x0800225c   0x0800225c   0x00000020   Data   RO         3683    Region$$Table       anon$$obj.o


    Execution Region RW_IRAM1 (Exec base: 0x20000000, Load base: 0x0800227c, Size: 0x000046e8, Max: 0x00008000, ABSOLUTE)

    Exec Addr    Load Addr    Size         Type   Attr      Idx    E Section Name        Object

    0x20000000   0x0800227c   0x0000000c   Data   RW           20    .data               main.o
    0x2000000c   0x08002288   0x0000001f   Data   RW          572    .data               drv_usart.o
    0x2000002b   0x080022a7   0x00000001   PAD
    0x2000002c   0x080022a8   0x00000002   Data   RW          633    .data               drv_adc.o
    0x2000002e   0x080022aa   0x00000002   PAD
    0x20000030   0x080022ac   0x00000004   Data   RW          901    .data               system_stm32g4xx.o
    0x20000034   0x080022b0   0x00000040   Data   RW         2922    .data               tasks.o
    0x20000074   0x080022f0   0x00000014   Data   RW         3258    .data               timers.o
    0x20000088   0x08002304   0x0000000c   Data   RW         3414    .data               port.o
    0x20000094   0x08002310   0x00000020   Data   RW         3502    .data               heap_4.o
    0x200000b4   0x08002330   0x00000004   Data   RW         3565    .data               delay.o
    0x200000b8        -       0x00000100   Zero   RW          569    .bss                drv_usart.o
    0x200001b8        -       0x00000040   Zero   RW         2503    .bss                queue.o
    0x200001f8        -       0x000004c4   Zero   RW         2921    .bss                tasks.o
    0x200006bc        -       0x00000028   Zero   RW         3257    .bss                timers.o
    0x200006e4        -       0x00003c00   Zero   RW         3501    .bss                heap_4.o
    0x200042e4   0x08002334   0x00000004   PAD
    0x200042e8        -       0x00000400   Zero   RW            1    STACK               startup_stm32g431xx.o


==============================================================================

Image component sizes


      Code (inc. data)   RO Data    RW Data    ZI Data      Debug   Object Name

        52         12          0          4          0       1227   delay.o
       384         32          0          2          0      68615   drv_adc.o
        64          4          0          0          0       6271   drv_led.o
       496         16          0         31        256      25110   drv_usart.o
         0          0          0          0          0      13228   event_groups.o
       484         24          0         32      15360       4535   heap_4.o
       138          0          0          0          0       3306   list.o
       484        102          0         12          0     551734   main.o
       786         82          0         12          0      10973   port.o
      1524         20          0          0         64      15958   queue.o
        36          8        472          0       1024        836   startup_stm32g431xx.o
        16          0          0          0          0       7521   stm32g4xx_it.o
       206         14          0          0          0      77932   stm32g4xx_ll_adc.o
       332          0          0          0          0       7876   stm32g4xx_ll_gpio.o
        82         12          0          0          0      37292   stm32g4xx_ll_utils.o
        28          6          0          4          0       1255   system_stm32g4xx.o
      2086        182          0         64       1220      27592   tasks.o
       944         82          0         20         40      24867   timers.o

    ----------------------------------------------------------------------
      8164        596        504        184      17968     886128   Object Totals
         0          0         32          0          0          0   (incl. Generated)
        22          0          0          3          4          0   (incl. Padding)

    ----------------------------------------------------------------------

      Code (inc. data)   RO Data    RW Data    ZI Data      Debug   Library Member Name

         0          0          0          0          0          0   entry.o
         0          0          0          0          0          0   entry10a.o
         0          0          0          0          0          0   entry11a.o
         8          4          0          0          0          0   entry2.o
         4          0          0          0          0          0   entry5.o
         0          0          0          0          0          0   entry7b.o
         0          0          0          0          0          0   entry8b.o
         8          4          0          0          0          0   entry9a.o
        30          0          0          0          0          0   handlers.o
        36          8          0          0          0         68   init.o
        36          0          0          0          0         68   memcpya.o
        36          0          0          0          0        108   memseta.o

    ----------------------------------------------------------------------
       160         16          0          0          0        244   Library Totals
         2          0          0          0          0          0   (incl. Padding)

    ----------------------------------------------------------------------

      Code (inc. data)   RO Data    RW Data    ZI Data      Debug   Library Name

       158         16          0          0          0        244   mc_w.l

    ----------------------------------------------------------------------
       160         16          0          0          0        244   Library Totals

    ----------------------------------------------------------------------

==============================================================================


      Code (inc. data)   RO Data    RW Data    ZI Data      Debug   

      8324        612        504        184      17968     878124   Grand Totals
      8324        612        504        184      17968     878124   ELF Image Totals
      8324        612        504        184          0          0   ROM Totals

==============================================================================

    Total RO  Size (Code + RO Data)                 8828 (   8.62kB)
    Total RW  Size (RW Data + ZI Data)             18152 (  17.73kB)
    Total ROM Size (Code + RO Data + RW Data)       9012 (   8.80kB)

==============================================================================

